{
 "checked": 401,
 "matched": 400,
 "headerLinesChecked": 431,
 "headerLinesMatched": 431
}
  adjacency-v4.1           headers 10/10   fields 32/32
  adjacency-v4.2           headers 10/10   fields 32/32
  adjacency-v4.3           headers 10/10   fields 32/32
  basic-v4.1               headers 10/10   fields 8/8
  basic-v4.2               headers 10/10   fields 8/8
  basic-v4.3               headers 10/10   fields 8/8
  basic-v4.4               headers 10/10   fields 8/8
  basic-v4.5               headers 10/10   fields 8/8
  boundaries-v4.5          headers 12/12   fields 28/28
  breakends-v4.5           headers 7/7   fields 2/2
  contig-insertions-v4.5   headers 8/8   fields 18/18
  features-v4.5            headers 29/29   fields 16/16
  filter-samples-v4.1      headers 6/6   fields 3/3
  filter-samples-v4.2      headers 6/6   fields 3/3
  filter-samples-v4.3      headers 6/6   fields 3/3
  filter-samples-v4.4      headers 6/6   fields 3/3
  filter-samples-v4.5      headers 6/6   fields 3/3
  gvcf-v4.5                headers 10/10   fields 8/8
  header-audit-v4.1        headers 15/15   fields 8/8
  header-audit-v4.2        headers 16/16   fields 8/8
  header-audit-v4.3        headers 19/19   fields 8/8
  header-audit-v4.4        headers 19/19   fields 8/8
  header-audit-v4.5        headers 18/18   fields 7/7
  local-alleles-v4.5       headers 11/11   fields 19/20   <-- mismatch
  modifications-v4.5       headers 12/12   fields 11/11
  phase-ordinals-v4.4      headers 9/9   fields 7/7
  phase-ordinals-v4.5      headers 9/9   fields 7/7
  phase-quality-v4.4       headers 9/9   fields 9/9
  phase-quality-v4.5       headers 9/9   fields 9/9
  phase-separation-v4.4    headers 7/7   fields 8/8
  phase-separation-v4.5    headers 7/7   fields 8/8
  repeats-v4.5             headers 16/16   fields 9/9
  structural-v4.1          headers 12/12   fields 5/5
  structural-v4.2          headers 12/12   fields 5/5
  structural-v4.3          headers 12/12   fields 5/5
  structural-v4.4          headers 12/12   fields 5/5
  tandem-repeats-v4.4      headers 16/16   fields 16/16
  tandem-repeats-v4.5      headers 15/15   fields 15/15
