This is pdfTeX, Version 3.141592653-2.6-1.40.29 (TeX Live 2026) (preloaded format=pdflatex 2026.3.11)  12 SEP 2026 11:35
entering extended mode
 restricted \write18 enabled.
 file:line:error style messages enabled.
 %&-line parsing enabled.
**/Users/eliascrum/PhD_Things/SWAT4HCLS_2027/main_short.tex
(/Users/eliascrum/PhD_Things/SWAT4HCLS_2027/main_short.tex
LaTeX2e <2025-11-01>
L3 programming layer <2026-01-19>

! LaTeX Error: File `ceurart.cls' not found.

Type X to quit or <RETURN> to proceed,
or enter new name. (Default extension: cls)

Enter file name: 
/Users/eliascrum/PhD_Things/SWAT4HCLS_2027/main_short.tex:4: Emergency stop.
<read *> 
         
l.4 \usepackage
               {listings}^^M
*** (cannot \read from terminal in nonstop modes)

 
Here is how much of TeX's memory you used:
 20 strings out of 467525
 559 string characters out of 5418982
 433756 words of memory out of 5000000
 29029 multiletter control sequences out of 15000+600000
 627721 words of font info for 40 fonts, out of 8000000 for 9000
 1141 hyphenation exceptions out of 8191
 19i,0n,29p,154b,17s stack positions out of 10000i,1000n,20000p,200000b,200000s
/Users/eliascrum/PhD_Things/SWAT4HCLS_2027/main_short.tex:4:  ==> Fatal error occurred, no output PDF file produced!
