Step 1/5: Validating inputs ✅
  Metrics: /home/ubuntu/w4/SWAT4HCLS_2027/reproduce/work/converted/expanded/run_metrics/basic-v4.1__20260914T190423
  Detailed logs: /home/ubuntu/w4/SWAT4HCLS_2027/reproduce/work/converted/expanded/run_metrics/basic-v4.1__20260914T190423/logs/wrapper.log
  Progress log: /home/ubuntu/w4/SWAT4HCLS_2027/reproduce/work/converted/expanded/run_metrics/basic-v4.1__20260914T190423/logs/progress.log
Step 2/5: Ensuring Docker image is available ✅
Step 3/5: Processing per-input pipeline (TSV -> RDF -> compression)
  Sample representation: expanded
  INFO representation: structured
  Header representation: structured
  - Input 1/1: basic-v4.1.vcf
    * TSV conversion ✅
    * VCF version: VCFv4.1 (detected)
    * RDF conversion ✅
    * Streaming expanded multi-sample RDF (no expanded helper TSVs)
    * Sample calls streamed: 6; FORMAT values: 12
    * Streaming structured header RDF
    * Header lines typed: 10; contigs: 1
    * Streaming QUAL and structured INFO RDF
    * QUAL values streamed: 3; INFO values: 3; declarations: 2
    * Triples produced: 559
    * Compression ✅
    * Output directory: /home/ubuntu/w4/SWAT4HCLS_2027/reproduce/work/converted/expanded/basic-v4.1
      - RDF aggregate: basic-v4.1.nt.gz
      - RDF (.gz): 5.86 KB (kept (compression methods set to none))
      - Compression: none selected
      - Final RDF size (no compression): 5.86 KB
Total triples produced (full run): 559
Conversion process finished.
Run time (full mode): 12.84s
Timing log: /home/ubuntu/w4/SWAT4HCLS_2027/reproduce/work/converted/expanded/run_metrics/basic-v4.1__20260914T190423/wrapper_execution_times.csv
Metrics summary: /home/ubuntu/w4/SWAT4HCLS_2027/reproduce/work/converted/expanded/run_metrics/basic-v4.1__20260914T190423/summary.json
Step 1/5: Validating inputs ✅
  Metrics: /home/ubuntu/w4/SWAT4HCLS_2027/reproduce/work/converted/condensed/run_metrics/basic-v4.1__20260914T190436
  Detailed logs: /home/ubuntu/w4/SWAT4HCLS_2027/reproduce/work/converted/condensed/run_metrics/basic-v4.1__20260914T190436/logs/wrapper.log
  Progress log: /home/ubuntu/w4/SWAT4HCLS_2027/reproduce/work/converted/condensed/run_metrics/basic-v4.1__20260914T190436/logs/progress.log
Step 2/5: Ensuring Docker image is available ✅
Step 3/5: Processing per-input pipeline (TSV -> RDF -> compression)
  Sample representation: condensed
  INFO representation: structured
  Header representation: structured
  - Input 1/1: basic-v4.1.vcf
    * TSV conversion ✅
    * VCF version: VCFv4.1 (detected)
    * RDF conversion ✅
    * Streaming condensed multi-sample RDF (no expanded helper TSVs)
    * Condensed matrices streamed: 3; FORMAT vectors: 6; reusable samples: 2
    * Streaming structured header RDF
    * Header lines typed: 10; contigs: 1
    * Streaming QUAL and structured INFO RDF
    * QUAL values streamed: 3; INFO values: 3; declarations: 2
    * Triples produced: 431
    * Compression ✅
    * Output directory: /home/ubuntu/w4/SWAT4HCLS_2027/reproduce/work/converted/condensed/basic-v4.1
      - RDF aggregate: basic-v4.1.nt.gz
      - RDF (.gz): 4.33 KB (kept (compression methods set to none))
      - Compression: none selected
      - Final RDF size (no compression): 4.33 KB
Total triples produced (full run): 431
Conversion process finished.
Run time (full mode): 13.12s
Timing log: /home/ubuntu/w4/SWAT4HCLS_2027/reproduce/work/converted/condensed/run_metrics/basic-v4.1__20260914T190436/wrapper_execution_times.csv
Metrics summary: /home/ubuntu/w4/SWAT4HCLS_2027/reproduce/work/converted/condensed/run_metrics/basic-v4.1__20260914T190436/summary.json
Step 1/5: Validating inputs ✅
  Metrics: /home/ubuntu/w4/SWAT4HCLS_2027/reproduce/work/converted/expanded/run_metrics/basic-v4.2__20260914T190449
  Detailed logs: /home/ubuntu/w4/SWAT4HCLS_2027/reproduce/work/converted/expanded/run_metrics/basic-v4.2__20260914T190449/logs/wrapper.log
  Progress log: /home/ubuntu/w4/SWAT4HCLS_2027/reproduce/work/converted/expanded/run_metrics/basic-v4.2__20260914T190449/logs/progress.log
Step 2/5: Ensuring Docker image is available ✅
Step 3/5: Processing per-input pipeline (TSV -> RDF -> compression)
  Sample representation: expanded
  INFO representation: structured
  Header representation: structured
  - Input 1/1: basic-v4.2.vcf
    * TSV conversion ✅
    * VCF version: VCFv4.2 (detected)
    * RDF conversion ✅
    * Streaming expanded multi-sample RDF (no expanded helper TSVs)
    * Sample calls streamed: 6; FORMAT values: 12
    * Streaming structured header RDF
    * Header lines typed: 10; contigs: 1
    * Streaming QUAL and structured INFO RDF
    * QUAL values streamed: 3; INFO values: 3; declarations: 2
    * Triples produced: 559
    * Compression ✅
    * Output directory: /home/ubuntu/w4/SWAT4HCLS_2027/reproduce/work/converted/expanded/basic-v4.2
      - RDF aggregate: basic-v4.2.nt.gz
      - RDF (.gz): 5.52 KB (kept (compression methods set to none))
      - Compression: none selected
      - Final RDF size (no compression): 5.52 KB
Total triples produced (full run): 559
Conversion process finished.
Run time (full mode): 13.06s
Timing log: /home/ubuntu/w4/SWAT4HCLS_2027/reproduce/work/converted/expanded/run_metrics/basic-v4.2__20260914T190449/wrapper_execution_times.csv
Metrics summary: /home/ubuntu/w4/SWAT4HCLS_2027/reproduce/work/converted/expanded/run_metrics/basic-v4.2__20260914T190449/summary.json
Step 1/5: Validating inputs ✅
  Metrics: /home/ubuntu/w4/SWAT4HCLS_2027/reproduce/work/converted/condensed/run_metrics/basic-v4.2__20260914T190502
  Detailed logs: /home/ubuntu/w4/SWAT4HCLS_2027/reproduce/work/converted/condensed/run_metrics/basic-v4.2__20260914T190502/logs/wrapper.log
  Progress log: /home/ubuntu/w4/SWAT4HCLS_2027/reproduce/work/converted/condensed/run_metrics/basic-v4.2__20260914T190502/logs/progress.log
Step 2/5: Ensuring Docker image is available ✅
Step 3/5: Processing per-input pipeline (TSV -> RDF -> compression)
  Sample representation: condensed
  INFO representation: structured
  Header representation: structured
  - Input 1/1: basic-v4.2.vcf
    * TSV conversion ✅
    * VCF version: VCFv4.2 (detected)
    * RDF conversion ✅
    * Streaming condensed multi-sample RDF (no expanded helper TSVs)
    * Condensed matrices streamed: 3; FORMAT vectors: 6; reusable samples: 2
    * Streaming structured header RDF
    * Header lines typed: 10; contigs: 1
    * Streaming QUAL and structured INFO RDF
    * QUAL values streamed: 3; INFO values: 3; declarations: 2
    * Triples produced: 431
    * Compression ✅
    * Output directory: /home/ubuntu/w4/SWAT4HCLS_2027/reproduce/work/converted/condensed/basic-v4.2
      - RDF aggregate: basic-v4.2.nt.gz
      - RDF (.gz): 5.15 KB (kept (compression methods set to none))
      - Compression: none selected
      - Final RDF size (no compression): 5.15 KB
Total triples produced (full run): 431
Conversion process finished.
Run time (full mode): 12.90s
Timing log: /home/ubuntu/w4/SWAT4HCLS_2027/reproduce/work/converted/condensed/run_metrics/basic-v4.2__20260914T190502/wrapper_execution_times.csv
Metrics summary: /home/ubuntu/w4/SWAT4HCLS_2027/reproduce/work/converted/condensed/run_metrics/basic-v4.2__20260914T190502/summary.json
Step 1/5: Validating inputs ✅
  Metrics: /home/ubuntu/w4/SWAT4HCLS_2027/reproduce/work/converted/expanded/run_metrics/basic-v4.3__20260914T190515
  Detailed logs: /home/ubuntu/w4/SWAT4HCLS_2027/reproduce/work/converted/expanded/run_metrics/basic-v4.3__20260914T190515/logs/wrapper.log
  Progress log: /home/ubuntu/w4/SWAT4HCLS_2027/reproduce/work/converted/expanded/run_metrics/basic-v4.3__20260914T190515/logs/progress.log
Step 2/5: Ensuring Docker image is available ✅
Step 3/5: Processing per-input pipeline (TSV -> RDF -> compression)
  Sample representation: expanded
  INFO representation: structured
  Header representation: structured
  - Input 1/1: basic-v4.3.vcf
    * TSV conversion ✅
    * VCF version: VCFv4.3 (detected)
    * RDF conversion ✅
    * Streaming expanded multi-sample RDF (no expanded helper TSVs)
    * Sample calls streamed: 6; FORMAT values: 12
    * Streaming structured header RDF
    * Header lines typed: 10; contigs: 1
    * Streaming QUAL and structured INFO RDF
    * QUAL values streamed: 3; INFO values: 3; declarations: 2
    * Triples produced: 559
    * Compression ✅
    * Output directory: /home/ubuntu/w4/SWAT4HCLS_2027/reproduce/work/converted/expanded/basic-v4.3
      - RDF aggregate: basic-v4.3.nt.gz
      - RDF (.gz): 5.33 KB (kept (compression methods set to none))
      - Compression: none selected
      - Final RDF size (no compression): 5.33 KB
Total triples produced (full run): 559
Conversion process finished.
Run time (full mode): 12.61s
Timing log: /home/ubuntu/w4/SWAT4HCLS_2027/reproduce/work/converted/expanded/run_metrics/basic-v4.3__20260914T190515/wrapper_execution_times.csv
Metrics summary: /home/ubuntu/w4/SWAT4HCLS_2027/reproduce/work/converted/expanded/run_metrics/basic-v4.3__20260914T190515/summary.json
Step 1/5: Validating inputs ✅
  Metrics: /home/ubuntu/w4/SWAT4HCLS_2027/reproduce/work/converted/condensed/run_metrics/basic-v4.3__20260914T190528
  Detailed logs: /home/ubuntu/w4/SWAT4HCLS_2027/reproduce/work/converted/condensed/run_metrics/basic-v4.3__20260914T190528/logs/wrapper.log
  Progress log: /home/ubuntu/w4/SWAT4HCLS_2027/reproduce/work/converted/condensed/run_metrics/basic-v4.3__20260914T190528/logs/progress.log
Step 2/5: Ensuring Docker image is available ✅
Step 3/5: Processing per-input pipeline (TSV -> RDF -> compression)
  Sample representation: condensed
  INFO representation: structured
  Header representation: structured
  - Input 1/1: basic-v4.3.vcf
    * TSV conversion ✅
    * VCF version: VCFv4.3 (detected)
    * RDF conversion ✅
    * Streaming condensed multi-sample RDF (no expanded helper TSVs)
    * Condensed matrices streamed: 3; FORMAT vectors: 6; reusable samples: 2
    * Streaming structured header RDF
    * Header lines typed: 10; contigs: 1
    * Streaming QUAL and structured INFO RDF
    * QUAL values streamed: 3; INFO values: 3; declarations: 2
    * Triples produced: 431
    * Compression ✅
    * Output directory: /home/ubuntu/w4/SWAT4HCLS_2027/reproduce/work/converted/condensed/basic-v4.3
      - RDF aggregate: basic-v4.3.nt.gz
      - RDF (.gz): 4.91 KB (kept (compression methods set to none))
      - Compression: none selected
      - Final RDF size (no compression): 4.91 KB
Total triples produced (full run): 431
Conversion process finished.
Run time (full mode): 13.09s
Timing log: /home/ubuntu/w4/SWAT4HCLS_2027/reproduce/work/converted/condensed/run_metrics/basic-v4.3__20260914T190528/wrapper_execution_times.csv
Metrics summary: /home/ubuntu/w4/SWAT4HCLS_2027/reproduce/work/converted/condensed/run_metrics/basic-v4.3__20260914T190528/summary.json
Step 1/5: Validating inputs ✅
  Metrics: /home/ubuntu/w4/SWAT4HCLS_2027/reproduce/work/converted/expanded/run_metrics/basic-v4.4__20260914T190541
  Detailed logs: /home/ubuntu/w4/SWAT4HCLS_2027/reproduce/work/converted/expanded/run_metrics/basic-v4.4__20260914T190541/logs/wrapper.log
  Progress log: /home/ubuntu/w4/SWAT4HCLS_2027/reproduce/work/converted/expanded/run_metrics/basic-v4.4__20260914T190541/logs/progress.log
Step 2/5: Ensuring Docker image is available ✅
Step 3/5: Processing per-input pipeline (TSV -> RDF -> compression)
  Sample representation: expanded
  INFO representation: structured
  Header representation: structured
  - Input 1/1: basic-v4.4.vcf
    * TSV conversion ✅
    * VCF version: VCFv4.4 (detected)
    * RDF conversion ✅
    * Streaming expanded multi-sample RDF (no expanded helper TSVs)
    * Sample calls streamed: 6; FORMAT values: 12
    * Streaming structured header RDF
    * Header lines typed: 10; contigs: 1
    * Streaming QUAL and structured INFO RDF
    * QUAL values streamed: 3; INFO values: 3; declarations: 2
    * Triples produced: 559
    * Compression ✅
    * Output directory: /home/ubuntu/w4/SWAT4HCLS_2027/reproduce/work/converted/expanded/basic-v4.4
      - RDF aggregate: basic-v4.4.nt.gz
      - RDF (.gz): 6.15 KB (kept (compression methods set to none))
      - Compression: none selected
      - Final RDF size (no compression): 6.15 KB
Total triples produced (full run): 559
Conversion process finished.
Run time (full mode): 13.27s
Timing log: /home/ubuntu/w4/SWAT4HCLS_2027/reproduce/work/converted/expanded/run_metrics/basic-v4.4__20260914T190541/wrapper_execution_times.csv
Metrics summary: /home/ubuntu/w4/SWAT4HCLS_2027/reproduce/work/converted/expanded/run_metrics/basic-v4.4__20260914T190541/summary.json
Step 1/5: Validating inputs ✅
  Metrics: /home/ubuntu/w4/SWAT4HCLS_2027/reproduce/work/converted/condensed/run_metrics/basic-v4.4__20260914T190555
  Detailed logs: /home/ubuntu/w4/SWAT4HCLS_2027/reproduce/work/converted/condensed/run_metrics/basic-v4.4__20260914T190555/logs/wrapper.log
  Progress log: /home/ubuntu/w4/SWAT4HCLS_2027/reproduce/work/converted/condensed/run_metrics/basic-v4.4__20260914T190555/logs/progress.log
Step 2/5: Ensuring Docker image is available ✅
Step 3/5: Processing per-input pipeline (TSV -> RDF -> compression)
  Sample representation: condensed
  INFO representation: structured
  Header representation: structured
  - Input 1/1: basic-v4.4.vcf
    * TSV conversion ✅
    * VCF version: VCFv4.4 (detected)
    * RDF conversion ✅
    * Streaming condensed multi-sample RDF (no expanded helper TSVs)
    * Condensed matrices streamed: 3; FORMAT vectors: 6; reusable samples: 2
    * Streaming structured header RDF
    * Header lines typed: 10; contigs: 1
    * Streaming QUAL and structured INFO RDF
    * QUAL values streamed: 3; INFO values: 3; declarations: 2
    * Triples produced: 431
    * Compression ✅
    * Output directory: /home/ubuntu/w4/SWAT4HCLS_2027/reproduce/work/converted/condensed/basic-v4.4
      - RDF aggregate: basic-v4.4.nt.gz
      - RDF (.gz): 4.61 KB (kept (compression methods set to none))
      - Compression: none selected
      - Final RDF size (no compression): 4.61 KB
Total triples produced (full run): 431
Conversion process finished.
Run time (full mode): 12.73s
Timing log: /home/ubuntu/w4/SWAT4HCLS_2027/reproduce/work/converted/condensed/run_metrics/basic-v4.4__20260914T190555/wrapper_execution_times.csv
Metrics summary: /home/ubuntu/w4/SWAT4HCLS_2027/reproduce/work/converted/condensed/run_metrics/basic-v4.4__20260914T190555/summary.json
Step 1/5: Validating inputs ✅
  Metrics: /home/ubuntu/w4/SWAT4HCLS_2027/reproduce/work/converted/expanded/run_metrics/basic-v4.5__20260914T190608
  Detailed logs: /home/ubuntu/w4/SWAT4HCLS_2027/reproduce/work/converted/expanded/run_metrics/basic-v4.5__20260914T190608/logs/wrapper.log
  Progress log: /home/ubuntu/w4/SWAT4HCLS_2027/reproduce/work/converted/expanded/run_metrics/basic-v4.5__20260914T190608/logs/progress.log
Step 2/5: Ensuring Docker image is available ✅
Step 3/5: Processing per-input pipeline (TSV -> RDF -> compression)
  Sample representation: expanded
  INFO representation: structured
  Header representation: structured
  - Input 1/1: basic-v4.5.vcf
    * TSV conversion ✅
    * VCF version: VCFv4.5 (detected)
    * RDF conversion ✅
    * Streaming expanded multi-sample RDF (no expanded helper TSVs)
    * Sample calls streamed: 6; FORMAT values: 12
    * Streaming structured header RDF
    * Header lines typed: 10; contigs: 1
    * Streaming QUAL and structured INFO RDF
    * QUAL values streamed: 3; INFO values: 3; declarations: 2
    * Triples produced: 559
    * Compression ✅
    * Output directory: /home/ubuntu/w4/SWAT4HCLS_2027/reproduce/work/converted/expanded/basic-v4.5
      - RDF aggregate: basic-v4.5.nt.gz
      - RDF (.gz): 5.77 KB (kept (compression methods set to none))
      - Compression: none selected
      - Final RDF size (no compression): 5.77 KB
Total triples produced (full run): 559
Conversion process finished.
Run time (full mode): 12.90s
Timing log: /home/ubuntu/w4/SWAT4HCLS_2027/reproduce/work/converted/expanded/run_metrics/basic-v4.5__20260914T190608/wrapper_execution_times.csv
Metrics summary: /home/ubuntu/w4/SWAT4HCLS_2027/reproduce/work/converted/expanded/run_metrics/basic-v4.5__20260914T190608/summary.json
Step 1/5: Validating inputs ✅
  Metrics: /home/ubuntu/w4/SWAT4HCLS_2027/reproduce/work/converted/condensed/run_metrics/basic-v4.5__20260914T190621
  Detailed logs: /home/ubuntu/w4/SWAT4HCLS_2027/reproduce/work/converted/condensed/run_metrics/basic-v4.5__20260914T190621/logs/wrapper.log
  Progress log: /home/ubuntu/w4/SWAT4HCLS_2027/reproduce/work/converted/condensed/run_metrics/basic-v4.5__20260914T190621/logs/progress.log
Step 2/5: Ensuring Docker image is available ✅
Step 3/5: Processing per-input pipeline (TSV -> RDF -> compression)
  Sample representation: condensed
  INFO representation: structured
  Header representation: structured
  - Input 1/1: basic-v4.5.vcf
    * TSV conversion ✅
    * VCF version: VCFv4.5 (detected)
    * RDF conversion ✅
    * Streaming condensed multi-sample RDF (no expanded helper TSVs)
    * Condensed matrices streamed: 3; FORMAT vectors: 6; reusable samples: 2
    * Streaming structured header RDF
    * Header lines typed: 10; contigs: 1
    * Streaming QUAL and structured INFO RDF
    * QUAL values streamed: 3; INFO values: 3; declarations: 2
    * Triples produced: 431
    * Compression ✅
    * Output directory: /home/ubuntu/w4/SWAT4HCLS_2027/reproduce/work/converted/condensed/basic-v4.5
      - RDF aggregate: basic-v4.5.nt.gz
      - RDF (.gz): 4.84 KB (kept (compression methods set to none))
      - Compression: none selected
      - Final RDF size (no compression): 4.84 KB
Total triples produced (full run): 431
Conversion process finished.
Run time (full mode): 12.51s
Timing log: /home/ubuntu/w4/SWAT4HCLS_2027/reproduce/work/converted/condensed/run_metrics/basic-v4.5__20260914T190621/wrapper_execution_times.csv
Metrics summary: /home/ubuntu/w4/SWAT4HCLS_2027/reproduce/work/converted/condensed/run_metrics/basic-v4.5__20260914T190621/summary.json
Step 1/5: Validating inputs ✅
  Metrics: /home/ubuntu/w4/SWAT4HCLS_2027/reproduce/work/converted/expanded/run_metrics/header-audit-v4.5__20260914T190634
  Detailed logs: /home/ubuntu/w4/SWAT4HCLS_2027/reproduce/work/converted/expanded/run_metrics/header-audit-v4.5__20260914T190634/logs/wrapper.log
  Progress log: /home/ubuntu/w4/SWAT4HCLS_2027/reproduce/work/converted/expanded/run_metrics/header-audit-v4.5__20260914T190634/logs/progress.log
Step 2/5: Ensuring Docker image is available ✅
Step 3/5: Processing per-input pipeline (TSV -> RDF -> compression)
  Sample representation: expanded
  INFO representation: structured
  Header representation: structured
  - Input 1/1: header-audit-v4.5.vcf
    * TSV conversion ✅
    * VCF version: VCFv4.5 (detected)
    * RDF conversion ✅
    * Streaming expanded multi-sample RDF (no expanded helper TSVs)
    * Sample calls streamed: 0; FORMAT values: 0
    * Streaming structured header RDF
    * Header lines typed: 18; contigs: 2
    * Streaming QUAL and structured INFO RDF
    * QUAL values streamed: 1; INFO values: 7; declarations: 7
    * Triples produced: 606
    * Compression ✅
    * Output directory: /home/ubuntu/w4/SWAT4HCLS_2027/reproduce/work/converted/expanded/header-audit-v4.5
      - RDF aggregate: header-audit-v4.5.nt.gz
      - RDF (.gz): 6.15 KB (kept (compression methods set to none))
      - Compression: none selected
      - Final RDF size (no compression): 6.15 KB
Total triples produced (full run): 606
Conversion process finished.
Run time (full mode): 12.67s
Timing log: /home/ubuntu/w4/SWAT4HCLS_2027/reproduce/work/converted/expanded/run_metrics/header-audit-v4.5__20260914T190634/wrapper_execution_times.csv
Metrics summary: /home/ubuntu/w4/SWAT4HCLS_2027/reproduce/work/converted/expanded/run_metrics/header-audit-v4.5__20260914T190634/summary.json
Step 1/5: Validating inputs ✅
  Metrics: /home/ubuntu/w4/SWAT4HCLS_2027/reproduce/work/converted/condensed/run_metrics/header-audit-v4.5__20260914T190646
  Detailed logs: /home/ubuntu/w4/SWAT4HCLS_2027/reproduce/work/converted/condensed/run_metrics/header-audit-v4.5__20260914T190646/logs/wrapper.log
  Progress log: /home/ubuntu/w4/SWAT4HCLS_2027/reproduce/work/converted/condensed/run_metrics/header-audit-v4.5__20260914T190646/logs/progress.log
Step 2/5: Ensuring Docker image is available ✅
Step 3/5: Processing per-input pipeline (TSV -> RDF -> compression)
  Sample representation: condensed
  INFO representation: structured
  Header representation: structured
  - Input 1/1: header-audit-v4.5.vcf
    * TSV conversion ✅
    * VCF version: VCFv4.5 (detected)
    * RDF conversion ✅
    * Streaming condensed multi-sample RDF (no expanded helper TSVs)
    * Condensed matrices streamed: 0; FORMAT vectors: 0; reusable samples: 0
    * Streaming structured header RDF
    * Header lines typed: 18; contigs: 2
    * Streaming QUAL and structured INFO RDF
    * QUAL values streamed: 1; INFO values: 7; declarations: 7
    * Triples produced: 606
    * Compression ✅
    * Output directory: /home/ubuntu/w4/SWAT4HCLS_2027/reproduce/work/converted/condensed/header-audit-v4.5
      - RDF aggregate: header-audit-v4.5.nt.gz
      - RDF (.gz): 6.26 KB (kept (compression methods set to none))
      - Compression: none selected
      - Final RDF size (no compression): 6.26 KB
Total triples produced (full run): 606
Conversion process finished.
Run time (full mode): 12.62s
Timing log: /home/ubuntu/w4/SWAT4HCLS_2027/reproduce/work/converted/condensed/run_metrics/header-audit-v4.5__20260914T190646/wrapper_execution_times.csv
Metrics summary: /home/ubuntu/w4/SWAT4HCLS_2027/reproduce/work/converted/condensed/run_metrics/header-audit-v4.5__20260914T190646/summary.json
Step 1/5: Validating inputs ✅
  Metrics: /home/ubuntu/w4/SWAT4HCLS_2027/reproduce/work/converted/expanded/run_metrics/features-v4.5__20260914T190659
  Detailed logs: /home/ubuntu/w4/SWAT4HCLS_2027/reproduce/work/converted/expanded/run_metrics/features-v4.5__20260914T190659/logs/wrapper.log
  Progress log: /home/ubuntu/w4/SWAT4HCLS_2027/reproduce/work/converted/expanded/run_metrics/features-v4.5__20260914T190659/logs/progress.log
Step 2/5: Ensuring Docker image is available ✅
Step 3/5: Processing per-input pipeline (TSV -> RDF -> compression)
  Sample representation: expanded
  INFO representation: structured
  Header representation: structured
  - Input 1/1: features-v4.5.vcf
    * TSV conversion ✅
    * VCF version: VCFv4.5 (detected)
    * RDF conversion ✅
    * Streaming expanded multi-sample RDF (no expanded helper TSVs)
    * Sample calls streamed: 3; FORMAT values: 14
    * Streaming structured header RDF
    * Header lines typed: 29; contigs: 2
    * Streaming QUAL and structured INFO RDF
    * QUAL values streamed: 3; INFO values: 5; declarations: 4
    * Triples produced: 1,273
    * Compression ✅
    * Output directory: /home/ubuntu/w4/SWAT4HCLS_2027/reproduce/work/converted/expanded/features-v4.5
      - RDF aggregate: features-v4.5.nt.gz
      - RDF (.gz): 9.46 KB (kept (compression methods set to none))
      - Compression: none selected
      - Final RDF size (no compression): 9.46 KB
Total triples produced (full run): 1,273
Conversion process finished.
Run time (full mode): 12.51s
Timing log: /home/ubuntu/w4/SWAT4HCLS_2027/reproduce/work/converted/expanded/run_metrics/features-v4.5__20260914T190659/wrapper_execution_times.csv
Metrics summary: /home/ubuntu/w4/SWAT4HCLS_2027/reproduce/work/converted/expanded/run_metrics/features-v4.5__20260914T190659/summary.json
Step 1/5: Validating inputs ✅
  Metrics: /home/ubuntu/w4/SWAT4HCLS_2027/reproduce/work/converted/condensed/run_metrics/features-v4.5__20260914T190712
  Detailed logs: /home/ubuntu/w4/SWAT4HCLS_2027/reproduce/work/converted/condensed/run_metrics/features-v4.5__20260914T190712/logs/wrapper.log
  Progress log: /home/ubuntu/w4/SWAT4HCLS_2027/reproduce/work/converted/condensed/run_metrics/features-v4.5__20260914T190712/logs/progress.log
Step 2/5: Ensuring Docker image is available ✅
Step 3/5: Processing per-input pipeline (TSV -> RDF -> compression)
  Sample representation: condensed
  INFO representation: structured
  Header representation: structured
  - Input 1/1: features-v4.5.vcf
    * TSV conversion ✅
    * VCF version: VCFv4.5 (detected)
    * RDF conversion ✅
    * Streaming condensed multi-sample RDF (no expanded helper TSVs)
    * Condensed matrices streamed: 3; FORMAT vectors: 14; reusable samples: 1
    * Streaming structured header RDF
    * Header lines typed: 29; contigs: 2
    * Streaming QUAL and structured INFO RDF
    * QUAL values streamed: 3; INFO values: 5; declarations: 4
    * Triples produced: 1,076
    * Compression ✅
    * Output directory: /home/ubuntu/w4/SWAT4HCLS_2027/reproduce/work/converted/condensed/features-v4.5
      - RDF aggregate: features-v4.5.nt.gz
      - RDF (.gz): 8.40 KB (kept (compression methods set to none))
      - Compression: none selected
      - Final RDF size (no compression): 8.40 KB
Total triples produced (full run): 1,076
Conversion process finished.
Run time (full mode): 12.51s
Timing log: /home/ubuntu/w4/SWAT4HCLS_2027/reproduce/work/converted/condensed/run_metrics/features-v4.5__20260914T190712/wrapper_execution_times.csv
Metrics summary: /home/ubuntu/w4/SWAT4HCLS_2027/reproduce/work/converted/condensed/run_metrics/features-v4.5__20260914T190712/summary.json
Step 1/5: Validating inputs ✅
  Metrics: /home/ubuntu/w4/SWAT4HCLS_2027/reproduce/work/converted/expanded/run_metrics/local-alleles-v4.5__20260914T190725
  Detailed logs: /home/ubuntu/w4/SWAT4HCLS_2027/reproduce/work/converted/expanded/run_metrics/local-alleles-v4.5__20260914T190725/logs/wrapper.log
  Progress log: /home/ubuntu/w4/SWAT4HCLS_2027/reproduce/work/converted/expanded/run_metrics/local-alleles-v4.5__20260914T190725/logs/progress.log
Step 2/5: Ensuring Docker image is available ✅
Step 3/5: Processing per-input pipeline (TSV -> RDF -> compression)
  Sample representation: expanded
  INFO representation: structured
  Header representation: structured
  - Input 1/1: local-alleles-v4.5.vcf
    * TSV conversion ✅
    * VCF version: VCFv4.5 (detected)
    * RDF conversion ✅
    * Streaming expanded multi-sample RDF (no expanded helper TSVs)
    * Sample calls streamed: 8; FORMAT values: 28
    * Streaming structured header RDF
    * Header lines typed: 11; contigs: 1
    * Streaming QUAL and structured INFO RDF
    * QUAL values streamed: 8; INFO values: 0; declarations: 0
    * Triples produced: 1,446
    * Compression ✅
    * Output directory: /home/ubuntu/w4/SWAT4HCLS_2027/reproduce/work/converted/expanded/local-alleles-v4.5
      - RDF aggregate: local-alleles-v4.5.nt.gz
      - RDF (.gz): 9.39 KB (kept (compression methods set to none))
      - Compression: none selected
      - Final RDF size (no compression): 9.39 KB
Total triples produced (full run): 1,446
Conversion process finished.
Run time (full mode): 12.54s
Timing log: /home/ubuntu/w4/SWAT4HCLS_2027/reproduce/work/converted/expanded/run_metrics/local-alleles-v4.5__20260914T190725/wrapper_execution_times.csv
Metrics summary: /home/ubuntu/w4/SWAT4HCLS_2027/reproduce/work/converted/expanded/run_metrics/local-alleles-v4.5__20260914T190725/summary.json
Step 1/5: Validating inputs ✅
  Metrics: /home/ubuntu/w4/SWAT4HCLS_2027/reproduce/work/converted/condensed/run_metrics/local-alleles-v4.5__20260914T190737
  Detailed logs: /home/ubuntu/w4/SWAT4HCLS_2027/reproduce/work/converted/condensed/run_metrics/local-alleles-v4.5__20260914T190737/logs/wrapper.log
  Progress log: /home/ubuntu/w4/SWAT4HCLS_2027/reproduce/work/converted/condensed/run_metrics/local-alleles-v4.5__20260914T190737/logs/progress.log
Step 2/5: Ensuring Docker image is available ✅
Step 3/5: Processing per-input pipeline (TSV -> RDF -> compression)
  Sample representation: condensed
  INFO representation: structured
  Header representation: structured
  - Input 1/1: local-alleles-v4.5.vcf
    * TSV conversion ✅
    * VCF version: VCFv4.5 (detected)
    * RDF conversion ✅
    * Streaming condensed multi-sample RDF (no expanded helper TSVs)
    * Condensed matrices streamed: 8; FORMAT vectors: 28; reusable samples: 1
    * Streaming structured header RDF
    * Header lines typed: 11; contigs: 1
    * Streaming QUAL and structured INFO RDF
    * QUAL values streamed: 8; INFO values: 0; declarations: 0
    * Triples produced: 856
    * Compression ✅
    * Output directory: /home/ubuntu/w4/SWAT4HCLS_2027/reproduce/work/converted/condensed/local-alleles-v4.5
      - RDF aggregate: local-alleles-v4.5.nt.gz
      - RDF (.gz): 6.35 KB (kept (compression methods set to none))
      - Compression: none selected
      - Final RDF size (no compression): 6.35 KB
Total triples produced (full run): 856
Conversion process finished.
Run time (full mode): 12.43s
Timing log: /home/ubuntu/w4/SWAT4HCLS_2027/reproduce/work/converted/condensed/run_metrics/local-alleles-v4.5__20260914T190737/wrapper_execution_times.csv
Metrics summary: /home/ubuntu/w4/SWAT4HCLS_2027/reproduce/work/converted/condensed/run_metrics/local-alleles-v4.5__20260914T190737/summary.json
Step 1/5: Validating inputs ✅
  Metrics: /home/ubuntu/w4/SWAT4HCLS_2027/reproduce/work/converted/expanded/run_metrics/tandem-repeats-v4.4__20260914T190750
  Detailed logs: /home/ubuntu/w4/SWAT4HCLS_2027/reproduce/work/converted/expanded/run_metrics/tandem-repeats-v4.4__20260914T190750/logs/wrapper.log
  Progress log: /home/ubuntu/w4/SWAT4HCLS_2027/reproduce/work/converted/expanded/run_metrics/tandem-repeats-v4.4__20260914T190750/logs/progress.log
Step 2/5: Ensuring Docker image is available ✅
Step 3/5: Processing per-input pipeline (TSV -> RDF -> compression)
  Sample representation: expanded
  INFO representation: structured
  Header representation: structured
  - Input 1/1: tandem-repeats-v4.4.vcf
    * TSV conversion ✅
    * VCF version: VCFv4.4 (detected)
    * RDF conversion ✅
    * Streaming expanded multi-sample RDF (no expanded helper TSVs)
    * Sample calls streamed: 4; FORMAT values: 9
    * Streaming structured header RDF
    * Header lines typed: 16; contigs: 1
    * Streaming QUAL and structured INFO RDF
    * QUAL values streamed: 4; INFO values: 11; declarations: 8
    * Triples produced: 883
    * Compression ✅
    * Output directory: /home/ubuntu/w4/SWAT4HCLS_2027/reproduce/work/converted/expanded/tandem-repeats-v4.4
      - RDF aggregate: tandem-repeats-v4.4.nt.gz
      - RDF (.gz): 7.47 KB (kept (compression methods set to none))
      - Compression: none selected
      - Final RDF size (no compression): 7.47 KB
Total triples produced (full run): 883
Conversion process finished.
Run time (full mode): 12.52s
Timing log: /home/ubuntu/w4/SWAT4HCLS_2027/reproduce/work/converted/expanded/run_metrics/tandem-repeats-v4.4__20260914T190750/wrapper_execution_times.csv
Metrics summary: /home/ubuntu/w4/SWAT4HCLS_2027/reproduce/work/converted/expanded/run_metrics/tandem-repeats-v4.4__20260914T190750/summary.json
Step 1/5: Validating inputs ✅
  Metrics: /home/ubuntu/w4/SWAT4HCLS_2027/reproduce/work/converted/condensed/run_metrics/tandem-repeats-v4.4__20260914T190803
  Detailed logs: /home/ubuntu/w4/SWAT4HCLS_2027/reproduce/work/converted/condensed/run_metrics/tandem-repeats-v4.4__20260914T190803/logs/wrapper.log
  Progress log: /home/ubuntu/w4/SWAT4HCLS_2027/reproduce/work/converted/condensed/run_metrics/tandem-repeats-v4.4__20260914T190803/logs/progress.log
Step 2/5: Ensuring Docker image is available ✅
Step 3/5: Processing per-input pipeline (TSV -> RDF -> compression)
  Sample representation: condensed
  INFO representation: structured
  Header representation: structured
  - Input 1/1: tandem-repeats-v4.4.vcf
    * TSV conversion ✅
    * VCF version: VCFv4.4 (detected)
    * RDF conversion ✅
    * Streaming condensed multi-sample RDF (no expanded helper TSVs)
    * Condensed matrices streamed: 4; FORMAT vectors: 9; reusable samples: 1
    * Streaming structured header RDF
    * Header lines typed: 16; contigs: 1
    * Streaming QUAL and structured INFO RDF
    * QUAL values streamed: 4; INFO values: 11; declarations: 8
    * Triples produced: 802
    * Compression ✅
    * Output directory: /home/ubuntu/w4/SWAT4HCLS_2027/reproduce/work/converted/condensed/tandem-repeats-v4.4
      - RDF aggregate: tandem-repeats-v4.4.nt.gz
      - RDF (.gz): 7.42 KB (kept (compression methods set to none))
      - Compression: none selected
      - Final RDF size (no compression): 7.42 KB
Total triples produced (full run): 802
Conversion process finished.
Run time (full mode): 12.45s
Timing log: /home/ubuntu/w4/SWAT4HCLS_2027/reproduce/work/converted/condensed/run_metrics/tandem-repeats-v4.4__20260914T190803/wrapper_execution_times.csv
Metrics summary: /home/ubuntu/w4/SWAT4HCLS_2027/reproduce/work/converted/condensed/run_metrics/tandem-repeats-v4.4__20260914T190803/summary.json
Step 1/5: Validating inputs ✅
  Metrics: /home/ubuntu/w4/SWAT4HCLS_2027/reproduce/work/converted/expanded/run_metrics/tandem-repeats-v4.5__20260914T190815
  Detailed logs: /home/ubuntu/w4/SWAT4HCLS_2027/reproduce/work/converted/expanded/run_metrics/tandem-repeats-v4.5__20260914T190815/logs/wrapper.log
  Progress log: /home/ubuntu/w4/SWAT4HCLS_2027/reproduce/work/converted/expanded/run_metrics/tandem-repeats-v4.5__20260914T190815/logs/progress.log
Step 2/5: Ensuring Docker image is available ✅
Step 3/5: Processing per-input pipeline (TSV -> RDF -> compression)
  Sample representation: expanded
  INFO representation: structured
  Header representation: structured
  - Input 1/1: tandem-repeats-v4.5.vcf
    * TSV conversion ✅
    * VCF version: VCFv4.5 (detected)
    * RDF conversion ✅
    * Streaming expanded multi-sample RDF (no expanded helper TSVs)
    * Sample calls streamed: 4; FORMAT values: 9
    * Streaming structured header RDF
    * Header lines typed: 15; contigs: 1
    * Streaming QUAL and structured INFO RDF
    * QUAL values streamed: 4; INFO values: 10; declarations: 7
    * Triples produced: 845
    * Compression ✅
    * Output directory: /home/ubuntu/w4/SWAT4HCLS_2027/reproduce/work/converted/expanded/tandem-repeats-v4.5
      - RDF aggregate: tandem-repeats-v4.5.nt.gz
      - RDF (.gz): 7.50 KB (kept (compression methods set to none))
      - Compression: none selected
      - Final RDF size (no compression): 7.50 KB
Total triples produced (full run): 845
Conversion process finished.
Run time (full mode): 12.59s
Timing log: /home/ubuntu/w4/SWAT4HCLS_2027/reproduce/work/converted/expanded/run_metrics/tandem-repeats-v4.5__20260914T190815/wrapper_execution_times.csv
Metrics summary: /home/ubuntu/w4/SWAT4HCLS_2027/reproduce/work/converted/expanded/run_metrics/tandem-repeats-v4.5__20260914T190815/summary.json
Step 1/5: Validating inputs ✅
  Metrics: /home/ubuntu/w4/SWAT4HCLS_2027/reproduce/work/converted/condensed/run_metrics/tandem-repeats-v4.5__20260914T190828
  Detailed logs: /home/ubuntu/w4/SWAT4HCLS_2027/reproduce/work/converted/condensed/run_metrics/tandem-repeats-v4.5__20260914T190828/logs/wrapper.log
  Progress log: /home/ubuntu/w4/SWAT4HCLS_2027/reproduce/work/converted/condensed/run_metrics/tandem-repeats-v4.5__20260914T190828/logs/progress.log
Step 2/5: Ensuring Docker image is available ✅
Step 3/5: Processing per-input pipeline (TSV -> RDF -> compression)
  Sample representation: condensed
  INFO representation: structured
  Header representation: structured
  - Input 1/1: tandem-repeats-v4.5.vcf
    * TSV conversion ✅
    * VCF version: VCFv4.5 (detected)
    * RDF conversion ✅
    * Streaming condensed multi-sample RDF (no expanded helper TSVs)
    * Condensed matrices streamed: 4; FORMAT vectors: 9; reusable samples: 1
    * Streaming structured header RDF
    * Header lines typed: 15; contigs: 1
    * Streaming QUAL and structured INFO RDF
    * QUAL values streamed: 4; INFO values: 10; declarations: 7
    * Triples produced: 764
    * Compression ✅
    * Output directory: /home/ubuntu/w4/SWAT4HCLS_2027/reproduce/work/converted/condensed/tandem-repeats-v4.5
      - RDF aggregate: tandem-repeats-v4.5.nt.gz
      - RDF (.gz): 7.12 KB (kept (compression methods set to none))
      - Compression: none selected
      - Final RDF size (no compression): 7.12 KB
Total triples produced (full run): 764
Conversion process finished.
Run time (full mode): 12.33s
Timing log: /home/ubuntu/w4/SWAT4HCLS_2027/reproduce/work/converted/condensed/run_metrics/tandem-repeats-v4.5__20260914T190828/wrapper_execution_times.csv
Metrics summary: /home/ubuntu/w4/SWAT4HCLS_2027/reproduce/work/converted/condensed/run_metrics/tandem-repeats-v4.5__20260914T190828/summary.json
