{
 "recordsChecked": 109,
 "recordsMatched": 109
}
  adjacency-v4.1           4/4
  adjacency-v4.2           4/4
  adjacency-v4.3           4/4
  basic-v4.1               3/3
  basic-v4.2               3/3
  basic-v4.3               3/3
  basic-v4.4               3/3
  basic-v4.5               3/3
  boundaries-v4.5          13/13
  breakends-v4.5           3/3
  contig-insertions-v4.5   8/8
  features-v4.5            3/3
  filter-samples-v4.1      1/1
  filter-samples-v4.2      1/1
  filter-samples-v4.3      1/1
  filter-samples-v4.4      1/1
  filter-samples-v4.5      1/1
  gvcf-v4.5                2/2
  header-audit-v4.1        1/1
  header-audit-v4.2        1/1
  header-audit-v4.3        1/1
  header-audit-v4.4        1/1
  header-audit-v4.5        1/1
  local-alleles-v4.5       8/8
  modifications-v4.5       6/6
  phase-ordinals-v4.4      3/3
  phase-ordinals-v4.5      3/3
  phase-quality-v4.4       3/3
  phase-quality-v4.5       3/3
  phase-separation-v4.4    2/2
  phase-separation-v4.5    2/2
  repeats-v4.5             1/1
  structural-v4.1          1/1
  structural-v4.2          1/1
  structural-v4.3          1/1
  structural-v4.4          1/1
  tandem-repeats-v4.4      4/4
  tandem-repeats-v4.5      4/4
