Step 1/5: Validating inputs ✅
  Metrics: /home/ubuntu/w4/SWAT4HCLS_2027/reproduce/work/converted/expanded/run_metrics/basic-v4.1__20260914T192703
  Detailed logs: /home/ubuntu/w4/SWAT4HCLS_2027/reproduce/work/converted/expanded/run_metrics/basic-v4.1__20260914T192703/logs/wrapper.log
  Progress log: /home/ubuntu/w4/SWAT4HCLS_2027/reproduce/work/converted/expanded/run_metrics/basic-v4.1__20260914T192703/logs/progress.log
Step 2/5: Ensuring Docker image is available ✅
Step 3/5: Processing per-input pipeline (TSV -> RDF -> compression)
  Sample representation: expanded
  INFO representation: structured
  Header representation: structured
  - Input 1/1: basic-v4.1.vcf
    * TSV conversion ✅
    * VCF version: VCFv4.1 (detected)
    * RDF conversion ✅
    * Streaming expanded multi-sample RDF (no expanded helper TSVs)
    * Sample calls streamed: 6; FORMAT values: 12
    * Streaming structured header RDF
    * Header lines typed: 10; contigs: 1
    * Streaming QUAL and structured INFO RDF
    * QUAL values streamed: 3; INFO values: 3; declarations: 2
    * Triples produced: 559
    * Compression ✅
    * Output directory: /home/ubuntu/w4/SWAT4HCLS_2027/reproduce/work/converted/expanded/basic-v4.1
      - RDF aggregate: basic-v4.1.nt.gz
      - RDF (.gz): 5.58 KB (kept (compression methods set to none))
      - Compression: none selected
      - Final RDF size (no compression): 5.58 KB
Total triples produced (full run): 559
Conversion process finished.
Run time (full mode): 12.77s
Timing log: /home/ubuntu/w4/SWAT4HCLS_2027/reproduce/work/converted/expanded/run_metrics/basic-v4.1__20260914T192703/wrapper_execution_times.csv
Metrics summary: /home/ubuntu/w4/SWAT4HCLS_2027/reproduce/work/converted/expanded/run_metrics/basic-v4.1__20260914T192703/summary.json
Step 1/5: Validating inputs ✅
  Metrics: /home/ubuntu/w4/SWAT4HCLS_2027/reproduce/work/converted/condensed/run_metrics/basic-v4.1__20260914T192716
  Detailed logs: /home/ubuntu/w4/SWAT4HCLS_2027/reproduce/work/converted/condensed/run_metrics/basic-v4.1__20260914T192716/logs/wrapper.log
  Progress log: /home/ubuntu/w4/SWAT4HCLS_2027/reproduce/work/converted/condensed/run_metrics/basic-v4.1__20260914T192716/logs/progress.log
Step 2/5: Ensuring Docker image is available ✅
Step 3/5: Processing per-input pipeline (TSV -> RDF -> compression)
  Sample representation: condensed
  INFO representation: structured
  Header representation: structured
  - Input 1/1: basic-v4.1.vcf
    * TSV conversion ✅
    * VCF version: VCFv4.1 (detected)
    * RDF conversion ✅
    * Streaming condensed multi-sample RDF (no expanded helper TSVs)
    * Condensed matrices streamed: 3; FORMAT vectors: 6; reusable samples: 2
    * Streaming structured header RDF
    * Header lines typed: 10; contigs: 1
    * Streaming QUAL and structured INFO RDF
    * QUAL values streamed: 3; INFO values: 3; declarations: 2
    * Triples produced: 431
    * Compression ✅
    * Output directory: /home/ubuntu/w4/SWAT4HCLS_2027/reproduce/work/converted/condensed/basic-v4.1
      - RDF aggregate: basic-v4.1.nt.gz
      - RDF (.gz): 4.55 KB (kept (compression methods set to none))
      - Compression: none selected
      - Final RDF size (no compression): 4.55 KB
Total triples produced (full run): 431
Conversion process finished.
Run time (full mode): 13.55s
Timing log: /home/ubuntu/w4/SWAT4HCLS_2027/reproduce/work/converted/condensed/run_metrics/basic-v4.1__20260914T192716/wrapper_execution_times.csv
Metrics summary: /home/ubuntu/w4/SWAT4HCLS_2027/reproduce/work/converted/condensed/run_metrics/basic-v4.1__20260914T192716/summary.json
Step 1/5: Validating inputs ✅
  Metrics: /home/ubuntu/w4/SWAT4HCLS_2027/reproduce/work/converted/expanded/run_metrics/basic-v4.2__20260914T192729
  Detailed logs: /home/ubuntu/w4/SWAT4HCLS_2027/reproduce/work/converted/expanded/run_metrics/basic-v4.2__20260914T192729/logs/wrapper.log
  Progress log: /home/ubuntu/w4/SWAT4HCLS_2027/reproduce/work/converted/expanded/run_metrics/basic-v4.2__20260914T192729/logs/progress.log
Step 2/5: Ensuring Docker image is available ✅
Step 3/5: Processing per-input pipeline (TSV -> RDF -> compression)
  Sample representation: expanded
  INFO representation: structured
  Header representation: structured
  - Input 1/1: basic-v4.2.vcf
    * TSV conversion ✅
    * VCF version: VCFv4.2 (detected)
    * RDF conversion ✅
    * Streaming expanded multi-sample RDF (no expanded helper TSVs)
    * Sample calls streamed: 6; FORMAT values: 12
    * Streaming structured header RDF
    * Header lines typed: 10; contigs: 1
    * Streaming QUAL and structured INFO RDF
    * QUAL values streamed: 3; INFO values: 3; declarations: 2
    * Triples produced: 559
    * Compression ✅
    * Output directory: /home/ubuntu/w4/SWAT4HCLS_2027/reproduce/work/converted/expanded/basic-v4.2
      - RDF aggregate: basic-v4.2.nt.gz
      - RDF (.gz): 5.71 KB (kept (compression methods set to none))
      - Compression: none selected
      - Final RDF size (no compression): 5.71 KB
Total triples produced (full run): 559
Conversion process finished.
Run time (full mode): 12.45s
Timing log: /home/ubuntu/w4/SWAT4HCLS_2027/reproduce/work/converted/expanded/run_metrics/basic-v4.2__20260914T192729/wrapper_execution_times.csv
Metrics summary: /home/ubuntu/w4/SWAT4HCLS_2027/reproduce/work/converted/expanded/run_metrics/basic-v4.2__20260914T192729/summary.json
Step 1/5: Validating inputs ✅
  Metrics: /home/ubuntu/w4/SWAT4HCLS_2027/reproduce/work/converted/condensed/run_metrics/basic-v4.2__20260914T192742
  Detailed logs: /home/ubuntu/w4/SWAT4HCLS_2027/reproduce/work/converted/condensed/run_metrics/basic-v4.2__20260914T192742/logs/wrapper.log
  Progress log: /home/ubuntu/w4/SWAT4HCLS_2027/reproduce/work/converted/condensed/run_metrics/basic-v4.2__20260914T192742/logs/progress.log
Step 2/5: Ensuring Docker image is available ✅
Step 3/5: Processing per-input pipeline (TSV -> RDF -> compression)
  Sample representation: condensed
  INFO representation: structured
  Header representation: structured
  - Input 1/1: basic-v4.2.vcf
    * TSV conversion ✅
    * VCF version: VCFv4.2 (detected)
    * RDF conversion ✅
    * Streaming condensed multi-sample RDF (no expanded helper TSVs)
    * Condensed matrices streamed: 3; FORMAT vectors: 6; reusable samples: 2
    * Streaming structured header RDF
    * Header lines typed: 10; contigs: 1
    * Streaming QUAL and structured INFO RDF
    * QUAL values streamed: 3; INFO values: 3; declarations: 2
    * Triples produced: 431
    * Compression ✅
    * Output directory: /home/ubuntu/w4/SWAT4HCLS_2027/reproduce/work/converted/condensed/basic-v4.2
      - RDF aggregate: basic-v4.2.nt.gz
      - RDF (.gz): 5.02 KB (kept (compression methods set to none))
      - Compression: none selected
      - Final RDF size (no compression): 5.02 KB
Total triples produced (full run): 431
Conversion process finished.
Run time (full mode): 12.80s
Timing log: /home/ubuntu/w4/SWAT4HCLS_2027/reproduce/work/converted/condensed/run_metrics/basic-v4.2__20260914T192742/wrapper_execution_times.csv
Metrics summary: /home/ubuntu/w4/SWAT4HCLS_2027/reproduce/work/converted/condensed/run_metrics/basic-v4.2__20260914T192742/summary.json
Step 1/5: Validating inputs ✅
  Metrics: /home/ubuntu/w4/SWAT4HCLS_2027/reproduce/work/converted/expanded/run_metrics/basic-v4.3__20260914T192755
  Detailed logs: /home/ubuntu/w4/SWAT4HCLS_2027/reproduce/work/converted/expanded/run_metrics/basic-v4.3__20260914T192755/logs/wrapper.log
  Progress log: /home/ubuntu/w4/SWAT4HCLS_2027/reproduce/work/converted/expanded/run_metrics/basic-v4.3__20260914T192755/logs/progress.log
Step 2/5: Ensuring Docker image is available ✅
Step 3/5: Processing per-input pipeline (TSV -> RDF -> compression)
  Sample representation: expanded
  INFO representation: structured
  Header representation: structured
  - Input 1/1: basic-v4.3.vcf
    * TSV conversion ✅
    * VCF version: VCFv4.3 (detected)
    * RDF conversion ✅
    * Streaming expanded multi-sample RDF (no expanded helper TSVs)
    * Sample calls streamed: 6; FORMAT values: 12
    * Streaming structured header RDF
    * Header lines typed: 10; contigs: 1
    * Streaming QUAL and structured INFO RDF
    * QUAL values streamed: 3; INFO values: 3; declarations: 2
    * Triples produced: 559
    * Compression ✅
    * Output directory: /home/ubuntu/w4/SWAT4HCLS_2027/reproduce/work/converted/expanded/basic-v4.3
      - RDF aggregate: basic-v4.3.nt.gz
      - RDF (.gz): 5.34 KB (kept (compression methods set to none))
      - Compression: none selected
      - Final RDF size (no compression): 5.34 KB
Total triples produced (full run): 559
Conversion process finished.
Run time (full mode): 13.08s
Timing log: /home/ubuntu/w4/SWAT4HCLS_2027/reproduce/work/converted/expanded/run_metrics/basic-v4.3__20260914T192755/wrapper_execution_times.csv
Metrics summary: /home/ubuntu/w4/SWAT4HCLS_2027/reproduce/work/converted/expanded/run_metrics/basic-v4.3__20260914T192755/summary.json
Step 1/5: Validating inputs ✅
  Metrics: /home/ubuntu/w4/SWAT4HCLS_2027/reproduce/work/converted/condensed/run_metrics/basic-v4.3__20260914T192808
  Detailed logs: /home/ubuntu/w4/SWAT4HCLS_2027/reproduce/work/converted/condensed/run_metrics/basic-v4.3__20260914T192808/logs/wrapper.log
  Progress log: /home/ubuntu/w4/SWAT4HCLS_2027/reproduce/work/converted/condensed/run_metrics/basic-v4.3__20260914T192808/logs/progress.log
Step 2/5: Ensuring Docker image is available ✅
Step 3/5: Processing per-input pipeline (TSV -> RDF -> compression)
  Sample representation: condensed
  INFO representation: structured
  Header representation: structured
  - Input 1/1: basic-v4.3.vcf
    * TSV conversion ✅
    * VCF version: VCFv4.3 (detected)
    * RDF conversion ✅
    * Streaming condensed multi-sample RDF (no expanded helper TSVs)
    * Condensed matrices streamed: 3; FORMAT vectors: 6; reusable samples: 2
    * Streaming structured header RDF
    * Header lines typed: 10; contigs: 1
    * Streaming QUAL and structured INFO RDF
    * QUAL values streamed: 3; INFO values: 3; declarations: 2
    * Triples produced: 431
    * Compression ✅
    * Output directory: /home/ubuntu/w4/SWAT4HCLS_2027/reproduce/work/converted/condensed/basic-v4.3
      - RDF aggregate: basic-v4.3.nt.gz
      - RDF (.gz): 4.78 KB (kept (compression methods set to none))
      - Compression: none selected
      - Final RDF size (no compression): 4.78 KB
Total triples produced (full run): 431
Conversion process finished.
Run time (full mode): 13.00s
Timing log: /home/ubuntu/w4/SWAT4HCLS_2027/reproduce/work/converted/condensed/run_metrics/basic-v4.3__20260914T192808/wrapper_execution_times.csv
Metrics summary: /home/ubuntu/w4/SWAT4HCLS_2027/reproduce/work/converted/condensed/run_metrics/basic-v4.3__20260914T192808/summary.json
Step 1/5: Validating inputs ✅
  Metrics: /home/ubuntu/w4/SWAT4HCLS_2027/reproduce/work/converted/expanded/run_metrics/basic-v4.4__20260914T192821
  Detailed logs: /home/ubuntu/w4/SWAT4HCLS_2027/reproduce/work/converted/expanded/run_metrics/basic-v4.4__20260914T192821/logs/wrapper.log
  Progress log: /home/ubuntu/w4/SWAT4HCLS_2027/reproduce/work/converted/expanded/run_metrics/basic-v4.4__20260914T192821/logs/progress.log
Step 2/5: Ensuring Docker image is available ✅
Step 3/5: Processing per-input pipeline (TSV -> RDF -> compression)
  Sample representation: expanded
  INFO representation: structured
  Header representation: structured
  - Input 1/1: basic-v4.4.vcf
    * TSV conversion ✅
    * VCF version: VCFv4.4 (detected)
    * RDF conversion ✅
    * Streaming expanded multi-sample RDF (no expanded helper TSVs)
    * Sample calls streamed: 6; FORMAT values: 12
    * Streaming structured header RDF
    * Header lines typed: 10; contigs: 1
    * Streaming QUAL and structured INFO RDF
    * QUAL values streamed: 3; INFO values: 3; declarations: 2
    * Triples produced: 559
    * Compression ✅
    * Output directory: /home/ubuntu/w4/SWAT4HCLS_2027/reproduce/work/converted/expanded/basic-v4.4
      - RDF aggregate: basic-v4.4.nt.gz
      - RDF (.gz): 6.13 KB (kept (compression methods set to none))
      - Compression: none selected
      - Final RDF size (no compression): 6.13 KB
Total triples produced (full run): 559
Conversion process finished.
Run time (full mode): 12.56s
Timing log: /home/ubuntu/w4/SWAT4HCLS_2027/reproduce/work/converted/expanded/run_metrics/basic-v4.4__20260914T192821/wrapper_execution_times.csv
Metrics summary: /home/ubuntu/w4/SWAT4HCLS_2027/reproduce/work/converted/expanded/run_metrics/basic-v4.4__20260914T192821/summary.json
Step 1/5: Validating inputs ✅
  Metrics: /home/ubuntu/w4/SWAT4HCLS_2027/reproduce/work/converted/condensed/run_metrics/basic-v4.4__20260914T192834
  Detailed logs: /home/ubuntu/w4/SWAT4HCLS_2027/reproduce/work/converted/condensed/run_metrics/basic-v4.4__20260914T192834/logs/wrapper.log
  Progress log: /home/ubuntu/w4/SWAT4HCLS_2027/reproduce/work/converted/condensed/run_metrics/basic-v4.4__20260914T192834/logs/progress.log
Step 2/5: Ensuring Docker image is available ✅
Step 3/5: Processing per-input pipeline (TSV -> RDF -> compression)
  Sample representation: condensed
  INFO representation: structured
  Header representation: structured
  - Input 1/1: basic-v4.4.vcf
    * TSV conversion ✅
    * VCF version: VCFv4.4 (detected)
    * RDF conversion ✅
    * Streaming condensed multi-sample RDF (no expanded helper TSVs)
    * Condensed matrices streamed: 3; FORMAT vectors: 6; reusable samples: 2
    * Streaming structured header RDF
    * Header lines typed: 10; contigs: 1
    * Streaming QUAL and structured INFO RDF
    * QUAL values streamed: 3; INFO values: 3; declarations: 2
    * Triples produced: 431
    * Compression ✅
    * Output directory: /home/ubuntu/w4/SWAT4HCLS_2027/reproduce/work/converted/condensed/basic-v4.4
      - RDF aggregate: basic-v4.4.nt.gz
      - RDF (.gz): 5.25 KB (kept (compression methods set to none))
      - Compression: none selected
      - Final RDF size (no compression): 5.25 KB
Total triples produced (full run): 431
Conversion process finished.
Run time (full mode): 12.78s
Timing log: /home/ubuntu/w4/SWAT4HCLS_2027/reproduce/work/converted/condensed/run_metrics/basic-v4.4__20260914T192834/wrapper_execution_times.csv
Metrics summary: /home/ubuntu/w4/SWAT4HCLS_2027/reproduce/work/converted/condensed/run_metrics/basic-v4.4__20260914T192834/summary.json
Step 1/5: Validating inputs ✅
  Metrics: /home/ubuntu/w4/SWAT4HCLS_2027/reproduce/work/converted/expanded/run_metrics/basic-v4.5__20260914T192847
  Detailed logs: /home/ubuntu/w4/SWAT4HCLS_2027/reproduce/work/converted/expanded/run_metrics/basic-v4.5__20260914T192847/logs/wrapper.log
  Progress log: /home/ubuntu/w4/SWAT4HCLS_2027/reproduce/work/converted/expanded/run_metrics/basic-v4.5__20260914T192847/logs/progress.log
Step 2/5: Ensuring Docker image is available ✅
Step 3/5: Processing per-input pipeline (TSV -> RDF -> compression)
  Sample representation: expanded
  INFO representation: structured
  Header representation: structured
  - Input 1/1: basic-v4.5.vcf
    * TSV conversion ✅
    * VCF version: VCFv4.5 (detected)
    * RDF conversion ✅
    * Streaming expanded multi-sample RDF (no expanded helper TSVs)
    * Sample calls streamed: 6; FORMAT values: 12
    * Streaming structured header RDF
    * Header lines typed: 10; contigs: 1
    * Streaming QUAL and structured INFO RDF
    * QUAL values streamed: 3; INFO values: 3; declarations: 2
    * Triples produced: 559
    * Compression ✅
    * Output directory: /home/ubuntu/w4/SWAT4HCLS_2027/reproduce/work/converted/expanded/basic-v4.5
      - RDF aggregate: basic-v4.5.nt.gz
      - RDF (.gz): 5.54 KB (kept (compression methods set to none))
      - Compression: none selected
      - Final RDF size (no compression): 5.54 KB
Total triples produced (full run): 559
Conversion process finished.
Run time (full mode): 13.02s
Timing log: /home/ubuntu/w4/SWAT4HCLS_2027/reproduce/work/converted/expanded/run_metrics/basic-v4.5__20260914T192847/wrapper_execution_times.csv
Metrics summary: /home/ubuntu/w4/SWAT4HCLS_2027/reproduce/work/converted/expanded/run_metrics/basic-v4.5__20260914T192847/summary.json
Step 1/5: Validating inputs ✅
  Metrics: /home/ubuntu/w4/SWAT4HCLS_2027/reproduce/work/converted/condensed/run_metrics/basic-v4.5__20260914T192900
  Detailed logs: /home/ubuntu/w4/SWAT4HCLS_2027/reproduce/work/converted/condensed/run_metrics/basic-v4.5__20260914T192900/logs/wrapper.log
  Progress log: /home/ubuntu/w4/SWAT4HCLS_2027/reproduce/work/converted/condensed/run_metrics/basic-v4.5__20260914T192900/logs/progress.log
Step 2/5: Ensuring Docker image is available ✅
Step 3/5: Processing per-input pipeline (TSV -> RDF -> compression)
  Sample representation: condensed
  INFO representation: structured
  Header representation: structured
  - Input 1/1: basic-v4.5.vcf
    * TSV conversion ✅
    * VCF version: VCFv4.5 (detected)
    * RDF conversion ✅
    * Streaming condensed multi-sample RDF (no expanded helper TSVs)
    * Condensed matrices streamed: 3; FORMAT vectors: 6; reusable samples: 2
    * Streaming structured header RDF
    * Header lines typed: 10; contigs: 1
    * Streaming QUAL and structured INFO RDF
    * QUAL values streamed: 3; INFO values: 3; declarations: 2
    * Triples produced: 431
    * Compression ✅
    * Output directory: /home/ubuntu/w4/SWAT4HCLS_2027/reproduce/work/converted/condensed/basic-v4.5
      - RDF aggregate: basic-v4.5.nt.gz
      - RDF (.gz): 4.58 KB (kept (compression methods set to none))
      - Compression: none selected
      - Final RDF size (no compression): 4.58 KB
Total triples produced (full run): 431
Conversion process finished.
Run time (full mode): 12.86s
Timing log: /home/ubuntu/w4/SWAT4HCLS_2027/reproduce/work/converted/condensed/run_metrics/basic-v4.5__20260914T192900/wrapper_execution_times.csv
Metrics summary: /home/ubuntu/w4/SWAT4HCLS_2027/reproduce/work/converted/condensed/run_metrics/basic-v4.5__20260914T192900/summary.json
Step 1/5: Validating inputs ✅
  Metrics: /home/ubuntu/w4/SWAT4HCLS_2027/reproduce/work/converted/expanded/run_metrics/header-audit-v4.5__20260914T192913
  Detailed logs: /home/ubuntu/w4/SWAT4HCLS_2027/reproduce/work/converted/expanded/run_metrics/header-audit-v4.5__20260914T192913/logs/wrapper.log
  Progress log: /home/ubuntu/w4/SWAT4HCLS_2027/reproduce/work/converted/expanded/run_metrics/header-audit-v4.5__20260914T192913/logs/progress.log
Step 2/5: Ensuring Docker image is available ✅
Step 3/5: Processing per-input pipeline (TSV -> RDF -> compression)
  Sample representation: expanded
  INFO representation: structured
  Header representation: structured
  - Input 1/1: header-audit-v4.5.vcf
    * TSV conversion ✅
    * VCF version: VCFv4.5 (detected)
    * RDF conversion ✅
    * Streaming expanded multi-sample RDF (no expanded helper TSVs)
    * Sample calls streamed: 0; FORMAT values: 0
    * Streaming structured header RDF
    * Header lines typed: 18; contigs: 2
    * Streaming QUAL and structured INFO RDF
    * QUAL values streamed: 1; INFO values: 7; declarations: 7
    * Triples produced: 606
    * Compression ✅
    * Output directory: /home/ubuntu/w4/SWAT4HCLS_2027/reproduce/work/converted/expanded/header-audit-v4.5
      - RDF aggregate: header-audit-v4.5.nt.gz
      - RDF (.gz): 5.74 KB (kept (compression methods set to none))
      - Compression: none selected
      - Final RDF size (no compression): 5.74 KB
Total triples produced (full run): 606
Conversion process finished.
Run time (full mode): 12.91s
Timing log: /home/ubuntu/w4/SWAT4HCLS_2027/reproduce/work/converted/expanded/run_metrics/header-audit-v4.5__20260914T192913/wrapper_execution_times.csv
Metrics summary: /home/ubuntu/w4/SWAT4HCLS_2027/reproduce/work/converted/expanded/run_metrics/header-audit-v4.5__20260914T192913/summary.json
Step 1/5: Validating inputs ✅
  Metrics: /home/ubuntu/w4/SWAT4HCLS_2027/reproduce/work/converted/condensed/run_metrics/header-audit-v4.5__20260914T192927
  Detailed logs: /home/ubuntu/w4/SWAT4HCLS_2027/reproduce/work/converted/condensed/run_metrics/header-audit-v4.5__20260914T192927/logs/wrapper.log
  Progress log: /home/ubuntu/w4/SWAT4HCLS_2027/reproduce/work/converted/condensed/run_metrics/header-audit-v4.5__20260914T192927/logs/progress.log
Step 2/5: Ensuring Docker image is available ✅
Step 3/5: Processing per-input pipeline (TSV -> RDF -> compression)
  Sample representation: condensed
  INFO representation: structured
  Header representation: structured
  - Input 1/1: header-audit-v4.5.vcf
    * TSV conversion ✅
    * VCF version: VCFv4.5 (detected)
    * RDF conversion ✅
    * Streaming condensed multi-sample RDF (no expanded helper TSVs)
    * Condensed matrices streamed: 0; FORMAT vectors: 0; reusable samples: 0
    * Streaming structured header RDF
    * Header lines typed: 18; contigs: 2
    * Streaming QUAL and structured INFO RDF
    * QUAL values streamed: 1; INFO values: 7; declarations: 7
    * Triples produced: 606
    * Compression ✅
    * Output directory: /home/ubuntu/w4/SWAT4HCLS_2027/reproduce/work/converted/condensed/header-audit-v4.5
      - RDF aggregate: header-audit-v4.5.nt.gz
      - RDF (.gz): 5.34 KB (kept (compression methods set to none))
      - Compression: none selected
      - Final RDF size (no compression): 5.34 KB
Total triples produced (full run): 606
Conversion process finished.
Run time (full mode): 12.77s
Timing log: /home/ubuntu/w4/SWAT4HCLS_2027/reproduce/work/converted/condensed/run_metrics/header-audit-v4.5__20260914T192927/wrapper_execution_times.csv
Metrics summary: /home/ubuntu/w4/SWAT4HCLS_2027/reproduce/work/converted/condensed/run_metrics/header-audit-v4.5__20260914T192927/summary.json
Step 1/5: Validating inputs ✅
  Metrics: /home/ubuntu/w4/SWAT4HCLS_2027/reproduce/work/converted/expanded/run_metrics/features-v4.5__20260914T192939
  Detailed logs: /home/ubuntu/w4/SWAT4HCLS_2027/reproduce/work/converted/expanded/run_metrics/features-v4.5__20260914T192939/logs/wrapper.log
  Progress log: /home/ubuntu/w4/SWAT4HCLS_2027/reproduce/work/converted/expanded/run_metrics/features-v4.5__20260914T192939/logs/progress.log
Step 2/5: Ensuring Docker image is available ✅
Step 3/5: Processing per-input pipeline (TSV -> RDF -> compression)
  Sample representation: expanded
  INFO representation: structured
  Header representation: structured
  - Input 1/1: features-v4.5.vcf
    * TSV conversion ✅
    * VCF version: VCFv4.5 (detected)
    * RDF conversion ✅
    * Streaming expanded multi-sample RDF (no expanded helper TSVs)
    * Sample calls streamed: 3; FORMAT values: 14
    * Streaming structured header RDF
    * Header lines typed: 29; contigs: 2
    * Streaming QUAL and structured INFO RDF
    * QUAL values streamed: 3; INFO values: 5; declarations: 4
    * Triples produced: 1,273
    * Compression ✅
    * Output directory: /home/ubuntu/w4/SWAT4HCLS_2027/reproduce/work/converted/expanded/features-v4.5
      - RDF aggregate: features-v4.5.nt.gz
      - RDF (.gz): 9.84 KB (kept (compression methods set to none))
      - Compression: none selected
      - Final RDF size (no compression): 9.84 KB
Total triples produced (full run): 1,273
Conversion process finished.
Run time (full mode): 13.20s
Timing log: /home/ubuntu/w4/SWAT4HCLS_2027/reproduce/work/converted/expanded/run_metrics/features-v4.5__20260914T192939/wrapper_execution_times.csv
Metrics summary: /home/ubuntu/w4/SWAT4HCLS_2027/reproduce/work/converted/expanded/run_metrics/features-v4.5__20260914T192939/summary.json
Step 1/5: Validating inputs ✅
  Metrics: /home/ubuntu/w4/SWAT4HCLS_2027/reproduce/work/converted/condensed/run_metrics/features-v4.5__20260914T192953
  Detailed logs: /home/ubuntu/w4/SWAT4HCLS_2027/reproduce/work/converted/condensed/run_metrics/features-v4.5__20260914T192953/logs/wrapper.log
  Progress log: /home/ubuntu/w4/SWAT4HCLS_2027/reproduce/work/converted/condensed/run_metrics/features-v4.5__20260914T192953/logs/progress.log
Step 2/5: Ensuring Docker image is available ✅
Step 3/5: Processing per-input pipeline (TSV -> RDF -> compression)
  Sample representation: condensed
  INFO representation: structured
  Header representation: structured
  - Input 1/1: features-v4.5.vcf
    * TSV conversion ✅
    * VCF version: VCFv4.5 (detected)
    * RDF conversion ✅
    * Streaming condensed multi-sample RDF (no expanded helper TSVs)
    * Condensed matrices streamed: 3; FORMAT vectors: 14; reusable samples: 1
    * Streaming structured header RDF
    * Header lines typed: 29; contigs: 2
    * Streaming QUAL and structured INFO RDF
    * QUAL values streamed: 3; INFO values: 5; declarations: 4
    * Triples produced: 1,076
    * Compression ✅
    * Output directory: /home/ubuntu/w4/SWAT4HCLS_2027/reproduce/work/converted/condensed/features-v4.5
      - RDF aggregate: features-v4.5.nt.gz
      - RDF (.gz): 9.18 KB (kept (compression methods set to none))
      - Compression: none selected
      - Final RDF size (no compression): 9.18 KB
Total triples produced (full run): 1,076
Conversion process finished.
Run time (full mode): 12.34s
Timing log: /home/ubuntu/w4/SWAT4HCLS_2027/reproduce/work/converted/condensed/run_metrics/features-v4.5__20260914T192953/wrapper_execution_times.csv
Metrics summary: /home/ubuntu/w4/SWAT4HCLS_2027/reproduce/work/converted/condensed/run_metrics/features-v4.5__20260914T192953/summary.json
Step 1/5: Validating inputs ✅
  Metrics: /home/ubuntu/w4/SWAT4HCLS_2027/reproduce/work/converted/expanded/run_metrics/local-alleles-v4.5__20260914T193005
  Detailed logs: /home/ubuntu/w4/SWAT4HCLS_2027/reproduce/work/converted/expanded/run_metrics/local-alleles-v4.5__20260914T193005/logs/wrapper.log
  Progress log: /home/ubuntu/w4/SWAT4HCLS_2027/reproduce/work/converted/expanded/run_metrics/local-alleles-v4.5__20260914T193005/logs/progress.log
Step 2/5: Ensuring Docker image is available ✅
Step 3/5: Processing per-input pipeline (TSV -> RDF -> compression)
  Sample representation: expanded
  INFO representation: structured
  Header representation: structured
  - Input 1/1: local-alleles-v4.5.vcf
    * TSV conversion ✅
    * VCF version: VCFv4.5 (detected)
    * RDF conversion ✅
    * Streaming expanded multi-sample RDF (no expanded helper TSVs)
    * Sample calls streamed: 8; FORMAT values: 28
    * Streaming structured header RDF
    * Header lines typed: 11; contigs: 1
    * Streaming QUAL and structured INFO RDF
    * QUAL values streamed: 8; INFO values: 0; declarations: 0
    * Triples produced: 1,446
    * Compression ✅
    * Output directory: /home/ubuntu/w4/SWAT4HCLS_2027/reproduce/work/converted/expanded/local-alleles-v4.5
      - RDF aggregate: local-alleles-v4.5.nt.gz
      - RDF (.gz): 9.74 KB (kept (compression methods set to none))
      - Compression: none selected
      - Final RDF size (no compression): 9.74 KB
Total triples produced (full run): 1,446
Conversion process finished.
Run time (full mode): 13.06s
Timing log: /home/ubuntu/w4/SWAT4HCLS_2027/reproduce/work/converted/expanded/run_metrics/local-alleles-v4.5__20260914T193005/wrapper_execution_times.csv
Metrics summary: /home/ubuntu/w4/SWAT4HCLS_2027/reproduce/work/converted/expanded/run_metrics/local-alleles-v4.5__20260914T193005/summary.json
Step 1/5: Validating inputs ✅
  Metrics: /home/ubuntu/w4/SWAT4HCLS_2027/reproduce/work/converted/condensed/run_metrics/local-alleles-v4.5__20260914T193019
  Detailed logs: /home/ubuntu/w4/SWAT4HCLS_2027/reproduce/work/converted/condensed/run_metrics/local-alleles-v4.5__20260914T193019/logs/wrapper.log
  Progress log: /home/ubuntu/w4/SWAT4HCLS_2027/reproduce/work/converted/condensed/run_metrics/local-alleles-v4.5__20260914T193019/logs/progress.log
Step 2/5: Ensuring Docker image is available ✅
Step 3/5: Processing per-input pipeline (TSV -> RDF -> compression)
  Sample representation: condensed
  INFO representation: structured
  Header representation: structured
  - Input 1/1: local-alleles-v4.5.vcf
    * TSV conversion ✅
    * VCF version: VCFv4.5 (detected)
    * RDF conversion ✅
    * Streaming condensed multi-sample RDF (no expanded helper TSVs)
    * Condensed matrices streamed: 8; FORMAT vectors: 28; reusable samples: 1
    * Streaming structured header RDF
    * Header lines typed: 11; contigs: 1
    * Streaming QUAL and structured INFO RDF
    * QUAL values streamed: 8; INFO values: 0; declarations: 0
    * Triples produced: 856
    * Compression ✅
    * Output directory: /home/ubuntu/w4/SWAT4HCLS_2027/reproduce/work/converted/condensed/local-alleles-v4.5
      - RDF aggregate: local-alleles-v4.5.nt.gz
      - RDF (.gz): 7.12 KB (kept (compression methods set to none))
      - Compression: none selected
      - Final RDF size (no compression): 7.12 KB
Total triples produced (full run): 856
Conversion process finished.
Run time (full mode): 12.83s
Timing log: /home/ubuntu/w4/SWAT4HCLS_2027/reproduce/work/converted/condensed/run_metrics/local-alleles-v4.5__20260914T193019/wrapper_execution_times.csv
Metrics summary: /home/ubuntu/w4/SWAT4HCLS_2027/reproduce/work/converted/condensed/run_metrics/local-alleles-v4.5__20260914T193019/summary.json
Step 1/5: Validating inputs ✅
  Metrics: /home/ubuntu/w4/SWAT4HCLS_2027/reproduce/work/converted/expanded/run_metrics/tandem-repeats-v4.4__20260914T193032
  Detailed logs: /home/ubuntu/w4/SWAT4HCLS_2027/reproduce/work/converted/expanded/run_metrics/tandem-repeats-v4.4__20260914T193032/logs/wrapper.log
  Progress log: /home/ubuntu/w4/SWAT4HCLS_2027/reproduce/work/converted/expanded/run_metrics/tandem-repeats-v4.4__20260914T193032/logs/progress.log
Step 2/5: Ensuring Docker image is available ✅
Step 3/5: Processing per-input pipeline (TSV -> RDF -> compression)
  Sample representation: expanded
  INFO representation: structured
  Header representation: structured
  - Input 1/1: tandem-repeats-v4.4.vcf
    * TSV conversion ✅
    * VCF version: VCFv4.4 (detected)
    * RDF conversion ✅
    * Streaming expanded multi-sample RDF (no expanded helper TSVs)
    * Sample calls streamed: 4; FORMAT values: 9
    * Streaming structured header RDF
    * Header lines typed: 16; contigs: 1
    * Streaming QUAL and structured INFO RDF
    * QUAL values streamed: 4; INFO values: 11; declarations: 8
    * Triples produced: 883
    * Compression ✅
    * Output directory: /home/ubuntu/w4/SWAT4HCLS_2027/reproduce/work/converted/expanded/tandem-repeats-v4.4
      - RDF aggregate: tandem-repeats-v4.4.nt.gz
      - RDF (.gz): 7.40 KB (kept (compression methods set to none))
      - Compression: none selected
      - Final RDF size (no compression): 7.40 KB
Total triples produced (full run): 883
Conversion process finished.
Run time (full mode): 13.04s
Timing log: /home/ubuntu/w4/SWAT4HCLS_2027/reproduce/work/converted/expanded/run_metrics/tandem-repeats-v4.4__20260914T193032/wrapper_execution_times.csv
Metrics summary: /home/ubuntu/w4/SWAT4HCLS_2027/reproduce/work/converted/expanded/run_metrics/tandem-repeats-v4.4__20260914T193032/summary.json
Step 1/5: Validating inputs ✅
  Metrics: /home/ubuntu/w4/SWAT4HCLS_2027/reproduce/work/converted/condensed/run_metrics/tandem-repeats-v4.4__20260914T193045
  Detailed logs: /home/ubuntu/w4/SWAT4HCLS_2027/reproduce/work/converted/condensed/run_metrics/tandem-repeats-v4.4__20260914T193045/logs/wrapper.log
  Progress log: /home/ubuntu/w4/SWAT4HCLS_2027/reproduce/work/converted/condensed/run_metrics/tandem-repeats-v4.4__20260914T193045/logs/progress.log
Step 2/5: Ensuring Docker image is available ✅
Step 3/5: Processing per-input pipeline (TSV -> RDF -> compression)
  Sample representation: condensed
  INFO representation: structured
  Header representation: structured
  - Input 1/1: tandem-repeats-v4.4.vcf
    * TSV conversion ✅
    * VCF version: VCFv4.4 (detected)
    * RDF conversion ✅
    * Streaming condensed multi-sample RDF (no expanded helper TSVs)
    * Condensed matrices streamed: 4; FORMAT vectors: 9; reusable samples: 1
    * Streaming structured header RDF
    * Header lines typed: 16; contigs: 1
    * Streaming QUAL and structured INFO RDF
    * QUAL values streamed: 4; INFO values: 11; declarations: 8
    * Triples produced: 802
    * Compression ✅
    * Output directory: /home/ubuntu/w4/SWAT4HCLS_2027/reproduce/work/converted/condensed/tandem-repeats-v4.4
      - RDF aggregate: tandem-repeats-v4.4.nt.gz
      - RDF (.gz): 6.43 KB (kept (compression methods set to none))
      - Compression: none selected
      - Final RDF size (no compression): 6.43 KB
Total triples produced (full run): 802
Conversion process finished.
Run time (full mode): 12.68s
Timing log: /home/ubuntu/w4/SWAT4HCLS_2027/reproduce/work/converted/condensed/run_metrics/tandem-repeats-v4.4__20260914T193045/wrapper_execution_times.csv
Metrics summary: /home/ubuntu/w4/SWAT4HCLS_2027/reproduce/work/converted/condensed/run_metrics/tandem-repeats-v4.4__20260914T193045/summary.json
Step 1/5: Validating inputs ✅
  Metrics: /home/ubuntu/w4/SWAT4HCLS_2027/reproduce/work/converted/expanded/run_metrics/tandem-repeats-v4.5__20260914T193058
  Detailed logs: /home/ubuntu/w4/SWAT4HCLS_2027/reproduce/work/converted/expanded/run_metrics/tandem-repeats-v4.5__20260914T193058/logs/wrapper.log
  Progress log: /home/ubuntu/w4/SWAT4HCLS_2027/reproduce/work/converted/expanded/run_metrics/tandem-repeats-v4.5__20260914T193058/logs/progress.log
Step 2/5: Ensuring Docker image is available ✅
Step 3/5: Processing per-input pipeline (TSV -> RDF -> compression)
  Sample representation: expanded
  INFO representation: structured
  Header representation: structured
  - Input 1/1: tandem-repeats-v4.5.vcf
    * TSV conversion ✅
    * VCF version: VCFv4.5 (detected)
    * RDF conversion ✅
    * Streaming expanded multi-sample RDF (no expanded helper TSVs)
    * Sample calls streamed: 4; FORMAT values: 9
    * Streaming structured header RDF
    * Header lines typed: 15; contigs: 1
    * Streaming QUAL and structured INFO RDF
    * QUAL values streamed: 4; INFO values: 10; declarations: 7
    * Triples produced: 845
    * Compression ✅
    * Output directory: /home/ubuntu/w4/SWAT4HCLS_2027/reproduce/work/converted/expanded/tandem-repeats-v4.5
      - RDF aggregate: tandem-repeats-v4.5.nt.gz
      - RDF (.gz): 7.40 KB (kept (compression methods set to none))
      - Compression: none selected
      - Final RDF size (no compression): 7.40 KB
Total triples produced (full run): 845
Conversion process finished.
Run time (full mode): 12.95s
Timing log: /home/ubuntu/w4/SWAT4HCLS_2027/reproduce/work/converted/expanded/run_metrics/tandem-repeats-v4.5__20260914T193058/wrapper_execution_times.csv
Metrics summary: /home/ubuntu/w4/SWAT4HCLS_2027/reproduce/work/converted/expanded/run_metrics/tandem-repeats-v4.5__20260914T193058/summary.json
Step 1/5: Validating inputs ✅
  Metrics: /home/ubuntu/w4/SWAT4HCLS_2027/reproduce/work/converted/condensed/run_metrics/tandem-repeats-v4.5__20260914T193111
  Detailed logs: /home/ubuntu/w4/SWAT4HCLS_2027/reproduce/work/converted/condensed/run_metrics/tandem-repeats-v4.5__20260914T193111/logs/wrapper.log
  Progress log: /home/ubuntu/w4/SWAT4HCLS_2027/reproduce/work/converted/condensed/run_metrics/tandem-repeats-v4.5__20260914T193111/logs/progress.log
Step 2/5: Ensuring Docker image is available ✅
Step 3/5: Processing per-input pipeline (TSV -> RDF -> compression)
  Sample representation: condensed
  INFO representation: structured
  Header representation: structured
  - Input 1/1: tandem-repeats-v4.5.vcf
    * TSV conversion ✅
    * VCF version: VCFv4.5 (detected)
    * RDF conversion ✅
    * Streaming condensed multi-sample RDF (no expanded helper TSVs)
    * Condensed matrices streamed: 4; FORMAT vectors: 9; reusable samples: 1
    * Streaming structured header RDF
    * Header lines typed: 15; contigs: 1
    * Streaming QUAL and structured INFO RDF
    * QUAL values streamed: 4; INFO values: 10; declarations: 7
    * Triples produced: 764
    * Compression ✅
    * Output directory: /home/ubuntu/w4/SWAT4HCLS_2027/reproduce/work/converted/condensed/tandem-repeats-v4.5
      - RDF aggregate: tandem-repeats-v4.5.nt.gz
      - RDF (.gz): 7.14 KB (kept (compression methods set to none))
      - Compression: none selected
      - Final RDF size (no compression): 7.14 KB
Total triples produced (full run): 764
Conversion process finished.
Run time (full mode): 12.49s
Timing log: /home/ubuntu/w4/SWAT4HCLS_2027/reproduce/work/converted/condensed/run_metrics/tandem-repeats-v4.5__20260914T193111/wrapper_execution_times.csv
Metrics summary: /home/ubuntu/w4/SWAT4HCLS_2027/reproduce/work/converted/condensed/run_metrics/tandem-repeats-v4.5__20260914T193111/summary.json
