{
 "agree": 738,
 "bothPass": 693,
 "byOutcome": {
  "fail/fail": 45,
  "pass/fail": 102,
  "pass/pass": 693
 },
 "checks": 840,
 "converterPassRepoNot": [],
 "fixtures": [
  "adjacency-v4.1",
  "adjacency-v4.2",
  "adjacency-v4.3",
  "basic-v4.1",
  "basic-v4.2",
  "basic-v4.3",
  "basic-v4.4",
  "basic-v4.5",
  "boundaries-v4.5",
  "breakends-v4.5",
  "contig-insertions-v4.5",
  "features-v4.5",
  "filter-samples-v4.1",
  "filter-samples-v4.2",
  "filter-samples-v4.3",
  "filter-samples-v4.4",
  "filter-samples-v4.5",
  "gvcf-v4.5",
  "header-audit-v4.1",
  "header-audit-v4.2",
  "header-audit-v4.3",
  "header-audit-v4.4",
  "header-audit-v4.5",
  "local-alleles-v4.5",
  "modifications-v4.5",
  "phase-ordinals-v4.4",
  "phase-ordinals-v4.5",
  "phase-quality-v4.4",
  "phase-quality-v4.5",
  "phase-separation-v4.4",
  "phase-separation-v4.5",
  "repeats-v4.5",
  "structural-v4.1",
  "structural-v4.2",
  "structural-v4.3",
  "structural-v4.4",
  "tandem-repeats-v4.4",
  "tandem-repeats-v4.5"
 ],
 "repoPassConverterNot": [
  "R11",
  "R21",
  "R22",
  "R25",
  "R27",
  "R30",
  "R32",
  "R60",
  "R61",
  "R79",
  "R82",
  "R84",
  "R85",
  "R89",
  "R92"
 ]
}
