{
 "recordsChecked": 109,
 "recordsMatched": 109,
 "genotypesChecked": 151,
 "genotypesMatched": 151
}
  adjacency-v4.1           columns 4/4   GT 12/12
  adjacency-v4.2           columns 4/4   GT 12/12
  adjacency-v4.3           columns 4/4   GT 12/12
  basic-v4.1               columns 3/3   GT 6/6
  basic-v4.2               columns 3/3   GT 6/6
  basic-v4.3               columns 3/3   GT 6/6
  basic-v4.4               columns 3/3   GT 6/6
  basic-v4.5               columns 3/3   GT 6/6
  boundaries-v4.5          columns 13/13   GT 13/13
  breakends-v4.5           columns 3/3   GT 3/3
  contig-insertions-v4.5   columns 8/8   GT 0/0
  features-v4.5            columns 3/3   GT 3/3
  filter-samples-v4.1      columns 1/1   GT 3/3
  filter-samples-v4.2      columns 1/1   GT 3/3
  filter-samples-v4.3      columns 1/1   GT 3/3
  filter-samples-v4.4      columns 1/1   GT 3/3
  filter-samples-v4.5      columns 1/1   GT 3/3
  gvcf-v4.5                columns 2/2   GT 4/4
  header-audit-v4.1        columns 1/1   GT 0/0
  header-audit-v4.2        columns 1/1   GT 0/0
  header-audit-v4.3        columns 1/1   GT 0/0
  header-audit-v4.4        columns 1/1   GT 0/0
  header-audit-v4.5        columns 1/1   GT 0/0
  local-alleles-v4.5       columns 8/8   GT 8/8
  modifications-v4.5       columns 6/6   GT 6/6
  phase-ordinals-v4.4      columns 3/3   GT 3/3
  phase-ordinals-v4.5      columns 3/3   GT 3/3
  phase-quality-v4.4       columns 3/3   GT 3/3
  phase-quality-v4.5       columns 3/3   GT 3/3
  phase-separation-v4.4    columns 2/2   GT 4/4
  phase-separation-v4.5    columns 2/2   GT 4/4
  repeats-v4.5             columns 1/1   GT 1/1
  structural-v4.1          columns 1/1   GT 1/1
  structural-v4.2          columns 1/1   GT 1/1
  structural-v4.3          columns 1/1   GT 1/1
  structural-v4.4          columns 1/1   GT 1/1
  tandem-repeats-v4.4      columns 4/4   GT 4/4
  tandem-repeats-v4.5      columns 4/4   GT 4/4
