Step 1/5: Validating inputs ✅
  Metrics: /home/ubuntu/w4/SWAT4HCLS_2027/reproduce/work/converted/expanded/run_metrics/basic-v4.1__20260914T192004
  Detailed logs: /home/ubuntu/w4/SWAT4HCLS_2027/reproduce/work/converted/expanded/run_metrics/basic-v4.1__20260914T192004/logs/wrapper.log
  Progress log: /home/ubuntu/w4/SWAT4HCLS_2027/reproduce/work/converted/expanded/run_metrics/basic-v4.1__20260914T192004/logs/progress.log
Step 2/5: Ensuring Docker image is available ✅
Step 3/5: Processing per-input pipeline (TSV -> RDF -> compression)
  Sample representation: expanded
  INFO representation: structured
  Header representation: structured
  - Input 1/1: basic-v4.1.vcf
    * TSV conversion ✅
    * VCF version: VCFv4.1 (detected)
    * RDF conversion ✅
    * Streaming expanded multi-sample RDF (no expanded helper TSVs)
    * Sample calls streamed: 6; FORMAT values: 12
    * Streaming structured header RDF
    * Header lines typed: 10; contigs: 1
    * Streaming QUAL and structured INFO RDF
    * QUAL values streamed: 3; INFO values: 3; declarations: 2
    * Triples produced: 559
    * Compression ✅
    * Output directory: /home/ubuntu/w4/SWAT4HCLS_2027/reproduce/work/converted/expanded/basic-v4.1
      - RDF aggregate: basic-v4.1.nt.gz
      - RDF (.gz): 5.04 KB (kept (compression methods set to none))
      - Compression: none selected
      - Final RDF size (no compression): 5.04 KB
Total triples produced (full run): 559
Conversion process finished.
Run time (full mode): 14.08s
Timing log: /home/ubuntu/w4/SWAT4HCLS_2027/reproduce/work/converted/expanded/run_metrics/basic-v4.1__20260914T192004/wrapper_execution_times.csv
Metrics summary: /home/ubuntu/w4/SWAT4HCLS_2027/reproduce/work/converted/expanded/run_metrics/basic-v4.1__20260914T192004/summary.json
Step 1/5: Validating inputs ✅
  Metrics: /home/ubuntu/w4/SWAT4HCLS_2027/reproduce/work/converted/condensed/run_metrics/basic-v4.1__20260914T192018
  Detailed logs: /home/ubuntu/w4/SWAT4HCLS_2027/reproduce/work/converted/condensed/run_metrics/basic-v4.1__20260914T192018/logs/wrapper.log
  Progress log: /home/ubuntu/w4/SWAT4HCLS_2027/reproduce/work/converted/condensed/run_metrics/basic-v4.1__20260914T192018/logs/progress.log
Step 2/5: Ensuring Docker image is available ✅
Step 3/5: Processing per-input pipeline (TSV -> RDF -> compression)
  Sample representation: condensed
  INFO representation: structured
  Header representation: structured
  - Input 1/1: basic-v4.1.vcf
    * TSV conversion ✅
    * VCF version: VCFv4.1 (detected)
    * RDF conversion ✅
    * Streaming condensed multi-sample RDF (no expanded helper TSVs)
    * Condensed matrices streamed: 3; FORMAT vectors: 6; reusable samples: 2
    * Streaming structured header RDF
    * Header lines typed: 10; contigs: 1
    * Streaming QUAL and structured INFO RDF
    * QUAL values streamed: 3; INFO values: 3; declarations: 2
    * Triples produced: 431
    * Compression ✅
    * Output directory: /home/ubuntu/w4/SWAT4HCLS_2027/reproduce/work/converted/condensed/basic-v4.1
      - RDF aggregate: basic-v4.1.nt.gz
      - RDF (.gz): 4.85 KB (kept (compression methods set to none))
      - Compression: none selected
      - Final RDF size (no compression): 4.85 KB
Total triples produced (full run): 431
Conversion process finished.
Run time (full mode): 12.80s
Timing log: /home/ubuntu/w4/SWAT4HCLS_2027/reproduce/work/converted/condensed/run_metrics/basic-v4.1__20260914T192018/wrapper_execution_times.csv
Metrics summary: /home/ubuntu/w4/SWAT4HCLS_2027/reproduce/work/converted/condensed/run_metrics/basic-v4.1__20260914T192018/summary.json
Step 1/5: Validating inputs ✅
  Metrics: /home/ubuntu/w4/SWAT4HCLS_2027/reproduce/work/converted/expanded/run_metrics/basic-v4.2__20260914T192031
  Detailed logs: /home/ubuntu/w4/SWAT4HCLS_2027/reproduce/work/converted/expanded/run_metrics/basic-v4.2__20260914T192031/logs/wrapper.log
  Progress log: /home/ubuntu/w4/SWAT4HCLS_2027/reproduce/work/converted/expanded/run_metrics/basic-v4.2__20260914T192031/logs/progress.log
Step 2/5: Ensuring Docker image is available ✅
Step 3/5: Processing per-input pipeline (TSV -> RDF -> compression)
  Sample representation: expanded
  INFO representation: structured
  Header representation: structured
  - Input 1/1: basic-v4.2.vcf
    * TSV conversion ✅
    * VCF version: VCFv4.2 (detected)
    * RDF conversion ✅
    * Streaming expanded multi-sample RDF (no expanded helper TSVs)
    * Sample calls streamed: 6; FORMAT values: 12
    * Streaming structured header RDF
    * Header lines typed: 10; contigs: 1
    * Streaming QUAL and structured INFO RDF
    * QUAL values streamed: 3; INFO values: 3; declarations: 2
    * Triples produced: 559
    * Compression ✅
    * Output directory: /home/ubuntu/w4/SWAT4HCLS_2027/reproduce/work/converted/expanded/basic-v4.2
      - RDF aggregate: basic-v4.2.nt.gz
      - RDF (.gz): 5.86 KB (kept (compression methods set to none))
      - Compression: none selected
      - Final RDF size (no compression): 5.86 KB
Total triples produced (full run): 559
Conversion process finished.
Run time (full mode): 13.17s
Timing log: /home/ubuntu/w4/SWAT4HCLS_2027/reproduce/work/converted/expanded/run_metrics/basic-v4.2__20260914T192031/wrapper_execution_times.csv
Metrics summary: /home/ubuntu/w4/SWAT4HCLS_2027/reproduce/work/converted/expanded/run_metrics/basic-v4.2__20260914T192031/summary.json
Step 1/5: Validating inputs ✅
  Metrics: /home/ubuntu/w4/SWAT4HCLS_2027/reproduce/work/converted/condensed/run_metrics/basic-v4.2__20260914T192045
  Detailed logs: /home/ubuntu/w4/SWAT4HCLS_2027/reproduce/work/converted/condensed/run_metrics/basic-v4.2__20260914T192045/logs/wrapper.log
  Progress log: /home/ubuntu/w4/SWAT4HCLS_2027/reproduce/work/converted/condensed/run_metrics/basic-v4.2__20260914T192045/logs/progress.log
Step 2/5: Ensuring Docker image is available ✅
Step 3/5: Processing per-input pipeline (TSV -> RDF -> compression)
  Sample representation: condensed
  INFO representation: structured
  Header representation: structured
  - Input 1/1: basic-v4.2.vcf
    * TSV conversion ✅
    * VCF version: VCFv4.2 (detected)
    * RDF conversion ✅
    * Streaming condensed multi-sample RDF (no expanded helper TSVs)
    * Condensed matrices streamed: 3; FORMAT vectors: 6; reusable samples: 2
    * Streaming structured header RDF
    * Header lines typed: 10; contigs: 1
    * Streaming QUAL and structured INFO RDF
    * QUAL values streamed: 3; INFO values: 3; declarations: 2
    * Triples produced: 431
    * Compression ✅
    * Output directory: /home/ubuntu/w4/SWAT4HCLS_2027/reproduce/work/converted/condensed/basic-v4.2
      - RDF aggregate: basic-v4.2.nt.gz
      - RDF (.gz): 4.57 KB (kept (compression methods set to none))
      - Compression: none selected
      - Final RDF size (no compression): 4.57 KB
Total triples produced (full run): 431
Conversion process finished.
Run time (full mode): 12.42s
Timing log: /home/ubuntu/w4/SWAT4HCLS_2027/reproduce/work/converted/condensed/run_metrics/basic-v4.2__20260914T192045/wrapper_execution_times.csv
Metrics summary: /home/ubuntu/w4/SWAT4HCLS_2027/reproduce/work/converted/condensed/run_metrics/basic-v4.2__20260914T192045/summary.json
Step 1/5: Validating inputs ✅
  Metrics: /home/ubuntu/w4/SWAT4HCLS_2027/reproduce/work/converted/expanded/run_metrics/basic-v4.3__20260914T192057
  Detailed logs: /home/ubuntu/w4/SWAT4HCLS_2027/reproduce/work/converted/expanded/run_metrics/basic-v4.3__20260914T192057/logs/wrapper.log
  Progress log: /home/ubuntu/w4/SWAT4HCLS_2027/reproduce/work/converted/expanded/run_metrics/basic-v4.3__20260914T192057/logs/progress.log
Step 2/5: Ensuring Docker image is available ✅
Step 3/5: Processing per-input pipeline (TSV -> RDF -> compression)
  Sample representation: expanded
  INFO representation: structured
  Header representation: structured
  - Input 1/1: basic-v4.3.vcf
    * TSV conversion ✅
    * VCF version: VCFv4.3 (detected)
    * RDF conversion ✅
    * Streaming expanded multi-sample RDF (no expanded helper TSVs)
    * Sample calls streamed: 6; FORMAT values: 12
    * Streaming structured header RDF
    * Header lines typed: 10; contigs: 1
    * Streaming QUAL and structured INFO RDF
    * QUAL values streamed: 3; INFO values: 3; declarations: 2
    * Triples produced: 559
    * Compression ✅
    * Output directory: /home/ubuntu/w4/SWAT4HCLS_2027/reproduce/work/converted/expanded/basic-v4.3
      - RDF aggregate: basic-v4.3.nt.gz
      - RDF (.gz): 5.31 KB (kept (compression methods set to none))
      - Compression: none selected
      - Final RDF size (no compression): 5.31 KB
Total triples produced (full run): 559
Conversion process finished.
Run time (full mode): 12.88s
Timing log: /home/ubuntu/w4/SWAT4HCLS_2027/reproduce/work/converted/expanded/run_metrics/basic-v4.3__20260914T192057/wrapper_execution_times.csv
Metrics summary: /home/ubuntu/w4/SWAT4HCLS_2027/reproduce/work/converted/expanded/run_metrics/basic-v4.3__20260914T192057/summary.json
Step 1/5: Validating inputs ✅
  Metrics: /home/ubuntu/w4/SWAT4HCLS_2027/reproduce/work/converted/condensed/run_metrics/basic-v4.3__20260914T192110
  Detailed logs: /home/ubuntu/w4/SWAT4HCLS_2027/reproduce/work/converted/condensed/run_metrics/basic-v4.3__20260914T192110/logs/wrapper.log
  Progress log: /home/ubuntu/w4/SWAT4HCLS_2027/reproduce/work/converted/condensed/run_metrics/basic-v4.3__20260914T192110/logs/progress.log
Step 2/5: Ensuring Docker image is available ✅
Step 3/5: Processing per-input pipeline (TSV -> RDF -> compression)
  Sample representation: condensed
  INFO representation: structured
  Header representation: structured
  - Input 1/1: basic-v4.3.vcf
    * TSV conversion ✅
    * VCF version: VCFv4.3 (detected)
    * RDF conversion ✅
    * Streaming condensed multi-sample RDF (no expanded helper TSVs)
    * Condensed matrices streamed: 3; FORMAT vectors: 6; reusable samples: 2
    * Streaming structured header RDF
    * Header lines typed: 10; contigs: 1
    * Streaming QUAL and structured INFO RDF
    * QUAL values streamed: 3; INFO values: 3; declarations: 2
    * Triples produced: 431
    * Compression ✅
    * Output directory: /home/ubuntu/w4/SWAT4HCLS_2027/reproduce/work/converted/condensed/basic-v4.3
      - RDF aggregate: basic-v4.3.nt.gz
      - RDF (.gz): 5.26 KB (kept (compression methods set to none))
      - Compression: none selected
      - Final RDF size (no compression): 5.26 KB
Total triples produced (full run): 431
Conversion process finished.
Run time (full mode): 12.72s
Timing log: /home/ubuntu/w4/SWAT4HCLS_2027/reproduce/work/converted/condensed/run_metrics/basic-v4.3__20260914T192110/wrapper_execution_times.csv
Metrics summary: /home/ubuntu/w4/SWAT4HCLS_2027/reproduce/work/converted/condensed/run_metrics/basic-v4.3__20260914T192110/summary.json
Step 1/5: Validating inputs ✅
  Metrics: /home/ubuntu/w4/SWAT4HCLS_2027/reproduce/work/converted/expanded/run_metrics/basic-v4.4__20260914T192123
  Detailed logs: /home/ubuntu/w4/SWAT4HCLS_2027/reproduce/work/converted/expanded/run_metrics/basic-v4.4__20260914T192123/logs/wrapper.log
  Progress log: /home/ubuntu/w4/SWAT4HCLS_2027/reproduce/work/converted/expanded/run_metrics/basic-v4.4__20260914T192123/logs/progress.log
Step 2/5: Ensuring Docker image is available ✅
Step 3/5: Processing per-input pipeline (TSV -> RDF -> compression)
  Sample representation: expanded
  INFO representation: structured
  Header representation: structured
  - Input 1/1: basic-v4.4.vcf
    * TSV conversion ✅
    * VCF version: VCFv4.4 (detected)
    * RDF conversion ✅
    * Streaming expanded multi-sample RDF (no expanded helper TSVs)
    * Sample calls streamed: 6; FORMAT values: 12
    * Streaming structured header RDF
    * Header lines typed: 10; contigs: 1
    * Streaming QUAL and structured INFO RDF
    * QUAL values streamed: 3; INFO values: 3; declarations: 2
    * Triples produced: 559
    * Compression ✅
    * Output directory: /home/ubuntu/w4/SWAT4HCLS_2027/reproduce/work/converted/expanded/basic-v4.4
      - RDF aggregate: basic-v4.4.nt.gz
      - RDF (.gz): 5.16 KB (kept (compression methods set to none))
      - Compression: none selected
      - Final RDF size (no compression): 5.16 KB
Total triples produced (full run): 559
Conversion process finished.
Run time (full mode): 12.89s
Timing log: /home/ubuntu/w4/SWAT4HCLS_2027/reproduce/work/converted/expanded/run_metrics/basic-v4.4__20260914T192123/wrapper_execution_times.csv
Metrics summary: /home/ubuntu/w4/SWAT4HCLS_2027/reproduce/work/converted/expanded/run_metrics/basic-v4.4__20260914T192123/summary.json
Step 1/5: Validating inputs ✅
  Metrics: /home/ubuntu/w4/SWAT4HCLS_2027/reproduce/work/converted/condensed/run_metrics/basic-v4.4__20260914T192136
  Detailed logs: /home/ubuntu/w4/SWAT4HCLS_2027/reproduce/work/converted/condensed/run_metrics/basic-v4.4__20260914T192136/logs/wrapper.log
  Progress log: /home/ubuntu/w4/SWAT4HCLS_2027/reproduce/work/converted/condensed/run_metrics/basic-v4.4__20260914T192136/logs/progress.log
Step 2/5: Ensuring Docker image is available ✅
Step 3/5: Processing per-input pipeline (TSV -> RDF -> compression)
  Sample representation: condensed
  INFO representation: structured
  Header representation: structured
  - Input 1/1: basic-v4.4.vcf
    * TSV conversion ✅
    * VCF version: VCFv4.4 (detected)
    * RDF conversion ✅
    * Streaming condensed multi-sample RDF (no expanded helper TSVs)
    * Condensed matrices streamed: 3; FORMAT vectors: 6; reusable samples: 2
    * Streaming structured header RDF
    * Header lines typed: 10; contigs: 1
    * Streaming QUAL and structured INFO RDF
    * QUAL values streamed: 3; INFO values: 3; declarations: 2
    * Triples produced: 431
    * Compression ✅
    * Output directory: /home/ubuntu/w4/SWAT4HCLS_2027/reproduce/work/converted/condensed/basic-v4.4
      - RDF aggregate: basic-v4.4.nt.gz
      - RDF (.gz): 5.42 KB (kept (compression methods set to none))
      - Compression: none selected
      - Final RDF size (no compression): 5.42 KB
Total triples produced (full run): 431
Conversion process finished.
Run time (full mode): 12.72s
Timing log: /home/ubuntu/w4/SWAT4HCLS_2027/reproduce/work/converted/condensed/run_metrics/basic-v4.4__20260914T192136/wrapper_execution_times.csv
Metrics summary: /home/ubuntu/w4/SWAT4HCLS_2027/reproduce/work/converted/condensed/run_metrics/basic-v4.4__20260914T192136/summary.json
Step 1/5: Validating inputs ✅
  Metrics: /home/ubuntu/w4/SWAT4HCLS_2027/reproduce/work/converted/expanded/run_metrics/basic-v4.5__20260914T192149
  Detailed logs: /home/ubuntu/w4/SWAT4HCLS_2027/reproduce/work/converted/expanded/run_metrics/basic-v4.5__20260914T192149/logs/wrapper.log
  Progress log: /home/ubuntu/w4/SWAT4HCLS_2027/reproduce/work/converted/expanded/run_metrics/basic-v4.5__20260914T192149/logs/progress.log
Step 2/5: Ensuring Docker image is available ✅
Step 3/5: Processing per-input pipeline (TSV -> RDF -> compression)
  Sample representation: expanded
  INFO representation: structured
  Header representation: structured
  - Input 1/1: basic-v4.5.vcf
    * TSV conversion ✅
    * VCF version: VCFv4.5 (detected)
    * RDF conversion ✅
    * Streaming expanded multi-sample RDF (no expanded helper TSVs)
    * Sample calls streamed: 6; FORMAT values: 12
    * Streaming structured header RDF
    * Header lines typed: 10; contigs: 1
    * Streaming QUAL and structured INFO RDF
    * QUAL values streamed: 3; INFO values: 3; declarations: 2
    * Triples produced: 559
    * Compression ✅
    * Output directory: /home/ubuntu/w4/SWAT4HCLS_2027/reproduce/work/converted/expanded/basic-v4.5
      - RDF aggregate: basic-v4.5.nt.gz
      - RDF (.gz): 5.82 KB (kept (compression methods set to none))
      - Compression: none selected
      - Final RDF size (no compression): 5.82 KB
Total triples produced (full run): 559
Conversion process finished.
Run time (full mode): 13.01s
Timing log: /home/ubuntu/w4/SWAT4HCLS_2027/reproduce/work/converted/expanded/run_metrics/basic-v4.5__20260914T192149/wrapper_execution_times.csv
Metrics summary: /home/ubuntu/w4/SWAT4HCLS_2027/reproduce/work/converted/expanded/run_metrics/basic-v4.5__20260914T192149/summary.json
Step 1/5: Validating inputs ✅
  Metrics: /home/ubuntu/w4/SWAT4HCLS_2027/reproduce/work/converted/condensed/run_metrics/basic-v4.5__20260914T192202
  Detailed logs: /home/ubuntu/w4/SWAT4HCLS_2027/reproduce/work/converted/condensed/run_metrics/basic-v4.5__20260914T192202/logs/wrapper.log
  Progress log: /home/ubuntu/w4/SWAT4HCLS_2027/reproduce/work/converted/condensed/run_metrics/basic-v4.5__20260914T192202/logs/progress.log
Step 2/5: Ensuring Docker image is available ✅
Step 3/5: Processing per-input pipeline (TSV -> RDF -> compression)
  Sample representation: condensed
  INFO representation: structured
  Header representation: structured
  - Input 1/1: basic-v4.5.vcf
    * TSV conversion ✅
    * VCF version: VCFv4.5 (detected)
    * RDF conversion ✅
    * Streaming condensed multi-sample RDF (no expanded helper TSVs)
    * Condensed matrices streamed: 3; FORMAT vectors: 6; reusable samples: 2
    * Streaming structured header RDF
    * Header lines typed: 10; contigs: 1
    * Streaming QUAL and structured INFO RDF
    * QUAL values streamed: 3; INFO values: 3; declarations: 2
    * Triples produced: 431
    * Compression ✅
    * Output directory: /home/ubuntu/w4/SWAT4HCLS_2027/reproduce/work/converted/condensed/basic-v4.5
      - RDF aggregate: basic-v4.5.nt.gz
      - RDF (.gz): 4.99 KB (kept (compression methods set to none))
      - Compression: none selected
      - Final RDF size (no compression): 4.99 KB
Total triples produced (full run): 431
Conversion process finished.
Run time (full mode): 13.03s
Timing log: /home/ubuntu/w4/SWAT4HCLS_2027/reproduce/work/converted/condensed/run_metrics/basic-v4.5__20260914T192202/wrapper_execution_times.csv
Metrics summary: /home/ubuntu/w4/SWAT4HCLS_2027/reproduce/work/converted/condensed/run_metrics/basic-v4.5__20260914T192202/summary.json
Step 1/5: Validating inputs ✅
  Metrics: /home/ubuntu/w4/SWAT4HCLS_2027/reproduce/work/converted/expanded/run_metrics/header-audit-v4.5__20260914T192216
  Detailed logs: /home/ubuntu/w4/SWAT4HCLS_2027/reproduce/work/converted/expanded/run_metrics/header-audit-v4.5__20260914T192216/logs/wrapper.log
  Progress log: /home/ubuntu/w4/SWAT4HCLS_2027/reproduce/work/converted/expanded/run_metrics/header-audit-v4.5__20260914T192216/logs/progress.log
Step 2/5: Ensuring Docker image is available ✅
Step 3/5: Processing per-input pipeline (TSV -> RDF -> compression)
  Sample representation: expanded
  INFO representation: structured
  Header representation: structured
  - Input 1/1: header-audit-v4.5.vcf
    * TSV conversion ✅
    * VCF version: VCFv4.5 (detected)
    * RDF conversion ✅
    * Streaming expanded multi-sample RDF (no expanded helper TSVs)
    * Sample calls streamed: 0; FORMAT values: 0
    * Streaming structured header RDF
    * Header lines typed: 18; contigs: 2
    * Streaming QUAL and structured INFO RDF
    * QUAL values streamed: 1; INFO values: 7; declarations: 7
    * Triples produced: 606
    * Compression ✅
    * Output directory: /home/ubuntu/w4/SWAT4HCLS_2027/reproduce/work/converted/expanded/header-audit-v4.5
      - RDF aggregate: header-audit-v4.5.nt.gz
      - RDF (.gz): 6.01 KB (kept (compression methods set to none))
      - Compression: none selected
      - Final RDF size (no compression): 6.01 KB
Total triples produced (full run): 606
Conversion process finished.
Run time (full mode): 13.24s
Timing log: /home/ubuntu/w4/SWAT4HCLS_2027/reproduce/work/converted/expanded/run_metrics/header-audit-v4.5__20260914T192216/wrapper_execution_times.csv
Metrics summary: /home/ubuntu/w4/SWAT4HCLS_2027/reproduce/work/converted/expanded/run_metrics/header-audit-v4.5__20260914T192216/summary.json
Step 1/5: Validating inputs ✅
  Metrics: /home/ubuntu/w4/SWAT4HCLS_2027/reproduce/work/converted/condensed/run_metrics/header-audit-v4.5__20260914T192229
  Detailed logs: /home/ubuntu/w4/SWAT4HCLS_2027/reproduce/work/converted/condensed/run_metrics/header-audit-v4.5__20260914T192229/logs/wrapper.log
  Progress log: /home/ubuntu/w4/SWAT4HCLS_2027/reproduce/work/converted/condensed/run_metrics/header-audit-v4.5__20260914T192229/logs/progress.log
Step 2/5: Ensuring Docker image is available ✅
Step 3/5: Processing per-input pipeline (TSV -> RDF -> compression)
  Sample representation: condensed
  INFO representation: structured
  Header representation: structured
  - Input 1/1: header-audit-v4.5.vcf
    * TSV conversion ✅
    * VCF version: VCFv4.5 (detected)
    * RDF conversion ✅
    * Streaming condensed multi-sample RDF (no expanded helper TSVs)
    * Condensed matrices streamed: 0; FORMAT vectors: 0; reusable samples: 0
    * Streaming structured header RDF
    * Header lines typed: 18; contigs: 2
    * Streaming QUAL and structured INFO RDF
    * QUAL values streamed: 1; INFO values: 7; declarations: 7
    * Triples produced: 606
    * Compression ✅
    * Output directory: /home/ubuntu/w4/SWAT4HCLS_2027/reproduce/work/converted/condensed/header-audit-v4.5
      - RDF aggregate: header-audit-v4.5.nt.gz
      - RDF (.gz): 5.26 KB (kept (compression methods set to none))
      - Compression: none selected
      - Final RDF size (no compression): 5.26 KB
Total triples produced (full run): 606
Conversion process finished.
Run time (full mode): 12.35s
Timing log: /home/ubuntu/w4/SWAT4HCLS_2027/reproduce/work/converted/condensed/run_metrics/header-audit-v4.5__20260914T192229/wrapper_execution_times.csv
Metrics summary: /home/ubuntu/w4/SWAT4HCLS_2027/reproduce/work/converted/condensed/run_metrics/header-audit-v4.5__20260914T192229/summary.json
Step 1/5: Validating inputs ✅
  Metrics: /home/ubuntu/w4/SWAT4HCLS_2027/reproduce/work/converted/expanded/run_metrics/features-v4.5__20260914T192242
  Detailed logs: /home/ubuntu/w4/SWAT4HCLS_2027/reproduce/work/converted/expanded/run_metrics/features-v4.5__20260914T192242/logs/wrapper.log
  Progress log: /home/ubuntu/w4/SWAT4HCLS_2027/reproduce/work/converted/expanded/run_metrics/features-v4.5__20260914T192242/logs/progress.log
Step 2/5: Ensuring Docker image is available ✅
Step 3/5: Processing per-input pipeline (TSV -> RDF -> compression)
  Sample representation: expanded
  INFO representation: structured
  Header representation: structured
  - Input 1/1: features-v4.5.vcf
    * TSV conversion ✅
    * VCF version: VCFv4.5 (detected)
    * RDF conversion ✅
    * Streaming expanded multi-sample RDF (no expanded helper TSVs)
    * Sample calls streamed: 3; FORMAT values: 14
    * Streaming structured header RDF
    * Header lines typed: 29; contigs: 2
    * Streaming QUAL and structured INFO RDF
    * QUAL values streamed: 3; INFO values: 5; declarations: 4
    * Triples produced: 1,273
    * Compression ✅
    * Output directory: /home/ubuntu/w4/SWAT4HCLS_2027/reproduce/work/converted/expanded/features-v4.5
      - RDF aggregate: features-v4.5.nt.gz
      - RDF (.gz): 10.15 KB (kept (compression methods set to none))
      - Compression: none selected
      - Final RDF size (no compression): 10.15 KB
Total triples produced (full run): 1,273
Conversion process finished.
Run time (full mode): 12.45s
Timing log: /home/ubuntu/w4/SWAT4HCLS_2027/reproduce/work/converted/expanded/run_metrics/features-v4.5__20260914T192242/wrapper_execution_times.csv
Metrics summary: /home/ubuntu/w4/SWAT4HCLS_2027/reproduce/work/converted/expanded/run_metrics/features-v4.5__20260914T192242/summary.json
Step 1/5: Validating inputs ✅
  Metrics: /home/ubuntu/w4/SWAT4HCLS_2027/reproduce/work/converted/condensed/run_metrics/features-v4.5__20260914T192254
  Detailed logs: /home/ubuntu/w4/SWAT4HCLS_2027/reproduce/work/converted/condensed/run_metrics/features-v4.5__20260914T192254/logs/wrapper.log
  Progress log: /home/ubuntu/w4/SWAT4HCLS_2027/reproduce/work/converted/condensed/run_metrics/features-v4.5__20260914T192254/logs/progress.log
Step 2/5: Ensuring Docker image is available ✅
Step 3/5: Processing per-input pipeline (TSV -> RDF -> compression)
  Sample representation: condensed
  INFO representation: structured
  Header representation: structured
  - Input 1/1: features-v4.5.vcf
    * TSV conversion ✅
    * VCF version: VCFv4.5 (detected)
    * RDF conversion ✅
    * Streaming condensed multi-sample RDF (no expanded helper TSVs)
    * Condensed matrices streamed: 3; FORMAT vectors: 14; reusable samples: 1
    * Streaming structured header RDF
    * Header lines typed: 29; contigs: 2
    * Streaming QUAL and structured INFO RDF
    * QUAL values streamed: 3; INFO values: 5; declarations: 4
    * Triples produced: 1,076
    * Compression ✅
    * Output directory: /home/ubuntu/w4/SWAT4HCLS_2027/reproduce/work/converted/condensed/features-v4.5
      - RDF aggregate: features-v4.5.nt.gz
      - RDF (.gz): 8.30 KB (kept (compression methods set to none))
      - Compression: none selected
      - Final RDF size (no compression): 8.30 KB
Total triples produced (full run): 1,076
Conversion process finished.
Run time (full mode): 12.71s
Timing log: /home/ubuntu/w4/SWAT4HCLS_2027/reproduce/work/converted/condensed/run_metrics/features-v4.5__20260914T192254/wrapper_execution_times.csv
Metrics summary: /home/ubuntu/w4/SWAT4HCLS_2027/reproduce/work/converted/condensed/run_metrics/features-v4.5__20260914T192254/summary.json
Step 1/5: Validating inputs ✅
  Metrics: /home/ubuntu/w4/SWAT4HCLS_2027/reproduce/work/converted/expanded/run_metrics/local-alleles-v4.5__20260914T192307
  Detailed logs: /home/ubuntu/w4/SWAT4HCLS_2027/reproduce/work/converted/expanded/run_metrics/local-alleles-v4.5__20260914T192307/logs/wrapper.log
  Progress log: /home/ubuntu/w4/SWAT4HCLS_2027/reproduce/work/converted/expanded/run_metrics/local-alleles-v4.5__20260914T192307/logs/progress.log
Step 2/5: Ensuring Docker image is available ✅
Step 3/5: Processing per-input pipeline (TSV -> RDF -> compression)
  Sample representation: expanded
  INFO representation: structured
  Header representation: structured
  - Input 1/1: local-alleles-v4.5.vcf
    * TSV conversion ✅
    * VCF version: VCFv4.5 (detected)
    * RDF conversion ✅
    * Streaming expanded multi-sample RDF (no expanded helper TSVs)
    * Sample calls streamed: 8; FORMAT values: 28
    * Streaming structured header RDF
    * Header lines typed: 11; contigs: 1
    * Streaming QUAL and structured INFO RDF
    * QUAL values streamed: 8; INFO values: 0; declarations: 0
    * Triples produced: 1,446
    * Compression ✅
    * Output directory: /home/ubuntu/w4/SWAT4HCLS_2027/reproduce/work/converted/expanded/local-alleles-v4.5
      - RDF aggregate: local-alleles-v4.5.nt.gz
      - RDF (.gz): 9.96 KB (kept (compression methods set to none))
      - Compression: none selected
      - Final RDF size (no compression): 9.96 KB
Total triples produced (full run): 1,446
Conversion process finished.
Run time (full mode): 13.42s
Timing log: /home/ubuntu/w4/SWAT4HCLS_2027/reproduce/work/converted/expanded/run_metrics/local-alleles-v4.5__20260914T192307/wrapper_execution_times.csv
Metrics summary: /home/ubuntu/w4/SWAT4HCLS_2027/reproduce/work/converted/expanded/run_metrics/local-alleles-v4.5__20260914T192307/summary.json
Step 1/5: Validating inputs ✅
  Metrics: /home/ubuntu/w4/SWAT4HCLS_2027/reproduce/work/converted/condensed/run_metrics/local-alleles-v4.5__20260914T192321
  Detailed logs: /home/ubuntu/w4/SWAT4HCLS_2027/reproduce/work/converted/condensed/run_metrics/local-alleles-v4.5__20260914T192321/logs/wrapper.log
  Progress log: /home/ubuntu/w4/SWAT4HCLS_2027/reproduce/work/converted/condensed/run_metrics/local-alleles-v4.5__20260914T192321/logs/progress.log
Step 2/5: Ensuring Docker image is available ✅
Step 3/5: Processing per-input pipeline (TSV -> RDF -> compression)
  Sample representation: condensed
  INFO representation: structured
  Header representation: structured
  - Input 1/1: local-alleles-v4.5.vcf
    * TSV conversion ✅
    * VCF version: VCFv4.5 (detected)
    * RDF conversion ✅
    * Streaming condensed multi-sample RDF (no expanded helper TSVs)
    * Condensed matrices streamed: 8; FORMAT vectors: 28; reusable samples: 1
    * Streaming structured header RDF
    * Header lines typed: 11; contigs: 1
    * Streaming QUAL and structured INFO RDF
    * QUAL values streamed: 8; INFO values: 0; declarations: 0
    * Triples produced: 856
    * Compression ✅
    * Output directory: /home/ubuntu/w4/SWAT4HCLS_2027/reproduce/work/converted/condensed/local-alleles-v4.5
      - RDF aggregate: local-alleles-v4.5.nt.gz
      - RDF (.gz): 6.48 KB (kept (compression methods set to none))
      - Compression: none selected
      - Final RDF size (no compression): 6.48 KB
Total triples produced (full run): 856
Conversion process finished.
Run time (full mode): 12.61s
Timing log: /home/ubuntu/w4/SWAT4HCLS_2027/reproduce/work/converted/condensed/run_metrics/local-alleles-v4.5__20260914T192321/wrapper_execution_times.csv
Metrics summary: /home/ubuntu/w4/SWAT4HCLS_2027/reproduce/work/converted/condensed/run_metrics/local-alleles-v4.5__20260914T192321/summary.json
Step 1/5: Validating inputs ✅
  Metrics: /home/ubuntu/w4/SWAT4HCLS_2027/reproduce/work/converted/expanded/run_metrics/tandem-repeats-v4.4__20260914T192334
  Detailed logs: /home/ubuntu/w4/SWAT4HCLS_2027/reproduce/work/converted/expanded/run_metrics/tandem-repeats-v4.4__20260914T192334/logs/wrapper.log
  Progress log: /home/ubuntu/w4/SWAT4HCLS_2027/reproduce/work/converted/expanded/run_metrics/tandem-repeats-v4.4__20260914T192334/logs/progress.log
Step 2/5: Ensuring Docker image is available ✅
Step 3/5: Processing per-input pipeline (TSV -> RDF -> compression)
  Sample representation: expanded
  INFO representation: structured
  Header representation: structured
  - Input 1/1: tandem-repeats-v4.4.vcf
    * TSV conversion ✅
    * VCF version: VCFv4.4 (detected)
    * RDF conversion ✅
    * Streaming expanded multi-sample RDF (no expanded helper TSVs)
    * Sample calls streamed: 4; FORMAT values: 9
    * Streaming structured header RDF
    * Header lines typed: 16; contigs: 1
    * Streaming QUAL and structured INFO RDF
    * QUAL values streamed: 4; INFO values: 11; declarations: 8
    * Triples produced: 883
    * Compression ✅
    * Output directory: /home/ubuntu/w4/SWAT4HCLS_2027/reproduce/work/converted/expanded/tandem-repeats-v4.4
      - RDF aggregate: tandem-repeats-v4.4.nt.gz
      - RDF (.gz): 7.01 KB (kept (compression methods set to none))
      - Compression: none selected
      - Final RDF size (no compression): 7.01 KB
Total triples produced (full run): 883
Conversion process finished.
Run time (full mode): 12.94s
Timing log: /home/ubuntu/w4/SWAT4HCLS_2027/reproduce/work/converted/expanded/run_metrics/tandem-repeats-v4.4__20260914T192334/wrapper_execution_times.csv
Metrics summary: /home/ubuntu/w4/SWAT4HCLS_2027/reproduce/work/converted/expanded/run_metrics/tandem-repeats-v4.4__20260914T192334/summary.json
Step 1/5: Validating inputs ✅
  Metrics: /home/ubuntu/w4/SWAT4HCLS_2027/reproduce/work/converted/condensed/run_metrics/tandem-repeats-v4.4__20260914T192347
  Detailed logs: /home/ubuntu/w4/SWAT4HCLS_2027/reproduce/work/converted/condensed/run_metrics/tandem-repeats-v4.4__20260914T192347/logs/wrapper.log
  Progress log: /home/ubuntu/w4/SWAT4HCLS_2027/reproduce/work/converted/condensed/run_metrics/tandem-repeats-v4.4__20260914T192347/logs/progress.log
Step 2/5: Ensuring Docker image is available ✅
Step 3/5: Processing per-input pipeline (TSV -> RDF -> compression)
  Sample representation: condensed
  INFO representation: structured
  Header representation: structured
  - Input 1/1: tandem-repeats-v4.4.vcf
    * TSV conversion ✅
    * VCF version: VCFv4.4 (detected)
    * RDF conversion ✅
    * Streaming condensed multi-sample RDF (no expanded helper TSVs)
    * Condensed matrices streamed: 4; FORMAT vectors: 9; reusable samples: 1
    * Streaming structured header RDF
    * Header lines typed: 16; contigs: 1
    * Streaming QUAL and structured INFO RDF
    * QUAL values streamed: 4; INFO values: 11; declarations: 8
    * Triples produced: 802
    * Compression ✅
    * Output directory: /home/ubuntu/w4/SWAT4HCLS_2027/reproduce/work/converted/condensed/tandem-repeats-v4.4
      - RDF aggregate: tandem-repeats-v4.4.nt.gz
      - RDF (.gz): 7.42 KB (kept (compression methods set to none))
      - Compression: none selected
      - Final RDF size (no compression): 7.42 KB
Total triples produced (full run): 802
Conversion process finished.
Run time (full mode): 13.43s
Timing log: /home/ubuntu/w4/SWAT4HCLS_2027/reproduce/work/converted/condensed/run_metrics/tandem-repeats-v4.4__20260914T192347/wrapper_execution_times.csv
Metrics summary: /home/ubuntu/w4/SWAT4HCLS_2027/reproduce/work/converted/condensed/run_metrics/tandem-repeats-v4.4__20260914T192347/summary.json
Step 1/5: Validating inputs ✅
  Metrics: /home/ubuntu/w4/SWAT4HCLS_2027/reproduce/work/converted/expanded/run_metrics/tandem-repeats-v4.5__20260914T192400
  Detailed logs: /home/ubuntu/w4/SWAT4HCLS_2027/reproduce/work/converted/expanded/run_metrics/tandem-repeats-v4.5__20260914T192400/logs/wrapper.log
  Progress log: /home/ubuntu/w4/SWAT4HCLS_2027/reproduce/work/converted/expanded/run_metrics/tandem-repeats-v4.5__20260914T192400/logs/progress.log
Step 2/5: Ensuring Docker image is available ✅
Step 3/5: Processing per-input pipeline (TSV -> RDF -> compression)
  Sample representation: expanded
  INFO representation: structured
  Header representation: structured
  - Input 1/1: tandem-repeats-v4.5.vcf
    * TSV conversion ✅
    * VCF version: VCFv4.5 (detected)
    * RDF conversion ✅
    * Streaming expanded multi-sample RDF (no expanded helper TSVs)
    * Sample calls streamed: 4; FORMAT values: 9
    * Streaming structured header RDF
    * Header lines typed: 15; contigs: 1
    * Streaming QUAL and structured INFO RDF
    * QUAL values streamed: 4; INFO values: 10; declarations: 7
    * Triples produced: 845
    * Compression ✅
    * Output directory: /home/ubuntu/w4/SWAT4HCLS_2027/reproduce/work/converted/expanded/tandem-repeats-v4.5
      - RDF aggregate: tandem-repeats-v4.5.nt.gz
      - RDF (.gz): 7.01 KB (kept (compression methods set to none))
      - Compression: none selected
      - Final RDF size (no compression): 7.01 KB
Total triples produced (full run): 845
Conversion process finished.
Run time (full mode): 13.48s
Timing log: /home/ubuntu/w4/SWAT4HCLS_2027/reproduce/work/converted/expanded/run_metrics/tandem-repeats-v4.5__20260914T192400/wrapper_execution_times.csv
Metrics summary: /home/ubuntu/w4/SWAT4HCLS_2027/reproduce/work/converted/expanded/run_metrics/tandem-repeats-v4.5__20260914T192400/summary.json
Step 1/5: Validating inputs ✅
  Metrics: /home/ubuntu/w4/SWAT4HCLS_2027/reproduce/work/converted/condensed/run_metrics/tandem-repeats-v4.5__20260914T192414
  Detailed logs: /home/ubuntu/w4/SWAT4HCLS_2027/reproduce/work/converted/condensed/run_metrics/tandem-repeats-v4.5__20260914T192414/logs/wrapper.log
  Progress log: /home/ubuntu/w4/SWAT4HCLS_2027/reproduce/work/converted/condensed/run_metrics/tandem-repeats-v4.5__20260914T192414/logs/progress.log
Step 2/5: Ensuring Docker image is available ✅
Step 3/5: Processing per-input pipeline (TSV -> RDF -> compression)
  Sample representation: condensed
  INFO representation: structured
  Header representation: structured
  - Input 1/1: tandem-repeats-v4.5.vcf
    * TSV conversion ✅
    * VCF version: VCFv4.5 (detected)
    * RDF conversion ✅
    * Streaming condensed multi-sample RDF (no expanded helper TSVs)
    * Condensed matrices streamed: 4; FORMAT vectors: 9; reusable samples: 1
    * Streaming structured header RDF
    * Header lines typed: 15; contigs: 1
    * Streaming QUAL and structured INFO RDF
    * QUAL values streamed: 4; INFO values: 10; declarations: 7
    * Triples produced: 764
    * Compression ✅
    * Output directory: /home/ubuntu/w4/SWAT4HCLS_2027/reproduce/work/converted/condensed/tandem-repeats-v4.5
      - RDF aggregate: tandem-repeats-v4.5.nt.gz
      - RDF (.gz): 6.95 KB (kept (compression methods set to none))
      - Compression: none selected
      - Final RDF size (no compression): 6.95 KB
Total triples produced (full run): 764
Conversion process finished.
Run time (full mode): 13.03s
Timing log: /home/ubuntu/w4/SWAT4HCLS_2027/reproduce/work/converted/condensed/run_metrics/tandem-repeats-v4.5__20260914T192414/wrapper_execution_times.csv
Metrics summary: /home/ubuntu/w4/SWAT4HCLS_2027/reproduce/work/converted/condensed/run_metrics/tandem-repeats-v4.5__20260914T192414/summary.json
