{
 "checked": 401,
 "matched": 400
}
  adjacency-v4.1           32/32
  adjacency-v4.2           32/32
  adjacency-v4.3           32/32
  basic-v4.1               8/8
  basic-v4.2               8/8
  basic-v4.3               8/8
  basic-v4.4               8/8
  basic-v4.5               8/8
  boundaries-v4.5          28/28
  breakends-v4.5           2/2
  contig-insertions-v4.5   18/18
  features-v4.5            16/16
  filter-samples-v4.1      3/3
  filter-samples-v4.2      3/3
  filter-samples-v4.3      3/3
  filter-samples-v4.4      3/3
  filter-samples-v4.5      3/3
  gvcf-v4.5                8/8
  header-audit-v4.1        8/8
  header-audit-v4.2        8/8
  header-audit-v4.3        8/8
  header-audit-v4.4        8/8
  header-audit-v4.5        7/7
  local-alleles-v4.5       19/20   <-- mismatch
  modifications-v4.5       11/11
  phase-ordinals-v4.4      7/7
  phase-ordinals-v4.5      7/7
  phase-quality-v4.4       9/9
  phase-quality-v4.5       9/9
  phase-separation-v4.4    8/8
  phase-separation-v4.5    8/8
  repeats-v4.5             9/9
  structural-v4.1          5/5
  structural-v4.2          5/5
  structural-v4.3          5/5
  structural-v4.4          5/5
  tandem-repeats-v4.4      16/16
  tandem-repeats-v4.5      15/15
