Step 1/5: Validating inputs ✅
  Metrics: /home/ubuntu/w4/SWAT4HCLS_2027/reproduce/work/converted/final/expanded/run_metrics/basic-v4.1__20260914T183845
  Detailed logs: /home/ubuntu/w4/SWAT4HCLS_2027/reproduce/work/converted/final/expanded/run_metrics/basic-v4.1__20260914T183845/logs/wrapper.log
  Progress log: /home/ubuntu/w4/SWAT4HCLS_2027/reproduce/work/converted/final/expanded/run_metrics/basic-v4.1__20260914T183845/logs/progress.log
Step 2/5: Ensuring Docker image is available ✅
Step 3/5: Processing per-input pipeline (TSV -> RDF -> compression)
  Sample representation: expanded
  INFO representation: structured
  Header representation: structured
  - Input 1/1: basic-v4.1.vcf
    * TSV conversion ✅
    * VCF version: VCFv4.1 (detected)
    * RDF conversion ✅
    * Streaming expanded multi-sample RDF (no expanded helper TSVs)
    * Sample calls streamed: 6; FORMAT values: 12
    * Streaming structured header RDF
    * Header lines typed: 10; contigs: 1
    * Streaming QUAL and structured INFO RDF
    * QUAL values streamed: 3; INFO values: 3; declarations: 2
    * Triples produced: 559
    * Compression ✅
    * Output directory: /home/ubuntu/w4/SWAT4HCLS_2027/reproduce/work/converted/final/expanded/basic-v4.1
      - RDF aggregate: basic-v4.1.nt.gz
      - RDF (.gz): 5.98 KB (kept (compression methods set to none))
      - Compression: none selected
      - Final RDF size (no compression): 5.98 KB
Total triples produced (full run): 559
Conversion process finished.
Run time (full mode): 17.42s
Timing log: /home/ubuntu/w4/SWAT4HCLS_2027/reproduce/work/converted/final/expanded/run_metrics/basic-v4.1__20260914T183845/wrapper_execution_times.csv
Metrics summary: /home/ubuntu/w4/SWAT4HCLS_2027/reproduce/work/converted/final/expanded/run_metrics/basic-v4.1__20260914T183845/summary.json
Step 1/5: Validating inputs ✅
  Metrics: /home/ubuntu/w4/SWAT4HCLS_2027/reproduce/work/converted/final/condensed/run_metrics/basic-v4.1__20260914T183902
  Detailed logs: /home/ubuntu/w4/SWAT4HCLS_2027/reproduce/work/converted/final/condensed/run_metrics/basic-v4.1__20260914T183902/logs/wrapper.log
  Progress log: /home/ubuntu/w4/SWAT4HCLS_2027/reproduce/work/converted/final/condensed/run_metrics/basic-v4.1__20260914T183902/logs/progress.log
Step 2/5: Ensuring Docker image is available ✅
Step 3/5: Processing per-input pipeline (TSV -> RDF -> compression)
  Sample representation: condensed
  INFO representation: structured
  Header representation: structured
  - Input 1/1: basic-v4.1.vcf
    * TSV conversion ✅
    * VCF version: VCFv4.1 (detected)
    * RDF conversion ✅
    * Streaming condensed multi-sample RDF (no expanded helper TSVs)
    * Condensed matrices streamed: 3; FORMAT vectors: 6; reusable samples: 2
    * Streaming structured header RDF
    * Header lines typed: 10; contigs: 1
    * Streaming QUAL and structured INFO RDF
    * QUAL values streamed: 3; INFO values: 3; declarations: 2
    * Triples produced: 431
    * Compression ✅
    * Output directory: /home/ubuntu/w4/SWAT4HCLS_2027/reproduce/work/converted/final/condensed/basic-v4.1
      - RDF aggregate: basic-v4.1.nt.gz
      - RDF (.gz): 4.45 KB (kept (compression methods set to none))
      - Compression: none selected
      - Final RDF size (no compression): 4.45 KB
Total triples produced (full run): 431
Conversion process finished.
Run time (full mode): 12.81s
Timing log: /home/ubuntu/w4/SWAT4HCLS_2027/reproduce/work/converted/final/condensed/run_metrics/basic-v4.1__20260914T183902/wrapper_execution_times.csv
Metrics summary: /home/ubuntu/w4/SWAT4HCLS_2027/reproduce/work/converted/final/condensed/run_metrics/basic-v4.1__20260914T183902/summary.json
Step 1/5: Validating inputs ✅
  Metrics: /home/ubuntu/w4/SWAT4HCLS_2027/reproduce/work/converted/final/expanded/run_metrics/basic-v4.2__20260914T183915
  Detailed logs: /home/ubuntu/w4/SWAT4HCLS_2027/reproduce/work/converted/final/expanded/run_metrics/basic-v4.2__20260914T183915/logs/wrapper.log
  Progress log: /home/ubuntu/w4/SWAT4HCLS_2027/reproduce/work/converted/final/expanded/run_metrics/basic-v4.2__20260914T183915/logs/progress.log
Step 2/5: Ensuring Docker image is available ✅
Step 3/5: Processing per-input pipeline (TSV -> RDF -> compression)
  Sample representation: expanded
  INFO representation: structured
  Header representation: structured
  - Input 1/1: basic-v4.2.vcf
    * TSV conversion ✅
    * VCF version: VCFv4.2 (detected)
    * RDF conversion ✅
    * Streaming expanded multi-sample RDF (no expanded helper TSVs)
    * Sample calls streamed: 6; FORMAT values: 12
    * Streaming structured header RDF
    * Header lines typed: 10; contigs: 1
    * Streaming QUAL and structured INFO RDF
    * QUAL values streamed: 3; INFO values: 3; declarations: 2
    * Triples produced: 559
    * Compression ✅
    * Output directory: /home/ubuntu/w4/SWAT4HCLS_2027/reproduce/work/converted/final/expanded/basic-v4.2
      - RDF aggregate: basic-v4.2.nt.gz
      - RDF (.gz): 5.72 KB (kept (compression methods set to none))
      - Compression: none selected
      - Final RDF size (no compression): 5.72 KB
Total triples produced (full run): 559
Conversion process finished.
Run time (full mode): 12.44s
Timing log: /home/ubuntu/w4/SWAT4HCLS_2027/reproduce/work/converted/final/expanded/run_metrics/basic-v4.2__20260914T183915/wrapper_execution_times.csv
Metrics summary: /home/ubuntu/w4/SWAT4HCLS_2027/reproduce/work/converted/final/expanded/run_metrics/basic-v4.2__20260914T183915/summary.json
Step 1/5: Validating inputs ✅
  Metrics: /home/ubuntu/w4/SWAT4HCLS_2027/reproduce/work/converted/final/condensed/run_metrics/basic-v4.2__20260914T183928
  Detailed logs: /home/ubuntu/w4/SWAT4HCLS_2027/reproduce/work/converted/final/condensed/run_metrics/basic-v4.2__20260914T183928/logs/wrapper.log
  Progress log: /home/ubuntu/w4/SWAT4HCLS_2027/reproduce/work/converted/final/condensed/run_metrics/basic-v4.2__20260914T183928/logs/progress.log
Step 2/5: Ensuring Docker image is available ✅
Step 3/5: Processing per-input pipeline (TSV -> RDF -> compression)
  Sample representation: condensed
  INFO representation: structured
  Header representation: structured
  - Input 1/1: basic-v4.2.vcf
    * TSV conversion ✅
    * VCF version: VCFv4.2 (detected)
    * RDF conversion ✅
    * Streaming condensed multi-sample RDF (no expanded helper TSVs)
    * Condensed matrices streamed: 3; FORMAT vectors: 6; reusable samples: 2
    * Streaming structured header RDF
    * Header lines typed: 10; contigs: 1
    * Streaming QUAL and structured INFO RDF
    * QUAL values streamed: 3; INFO values: 3; declarations: 2
    * Triples produced: 431
    * Compression ✅
    * Output directory: /home/ubuntu/w4/SWAT4HCLS_2027/reproduce/work/converted/final/condensed/basic-v4.2
      - RDF aggregate: basic-v4.2.nt.gz
      - RDF (.gz): 5.30 KB (kept (compression methods set to none))
      - Compression: none selected
      - Final RDF size (no compression): 5.30 KB
Total triples produced (full run): 431
Conversion process finished.
Run time (full mode): 12.51s
Timing log: /home/ubuntu/w4/SWAT4HCLS_2027/reproduce/work/converted/final/condensed/run_metrics/basic-v4.2__20260914T183928/wrapper_execution_times.csv
Metrics summary: /home/ubuntu/w4/SWAT4HCLS_2027/reproduce/work/converted/final/condensed/run_metrics/basic-v4.2__20260914T183928/summary.json
Step 1/5: Validating inputs ✅
  Metrics: /home/ubuntu/w4/SWAT4HCLS_2027/reproduce/work/converted/final/expanded/run_metrics/basic-v4.3__20260914T183940
  Detailed logs: /home/ubuntu/w4/SWAT4HCLS_2027/reproduce/work/converted/final/expanded/run_metrics/basic-v4.3__20260914T183940/logs/wrapper.log
  Progress log: /home/ubuntu/w4/SWAT4HCLS_2027/reproduce/work/converted/final/expanded/run_metrics/basic-v4.3__20260914T183940/logs/progress.log
Step 2/5: Ensuring Docker image is available ✅
Step 3/5: Processing per-input pipeline (TSV -> RDF -> compression)
  Sample representation: expanded
  INFO representation: structured
  Header representation: structured
  - Input 1/1: basic-v4.3.vcf
    * TSV conversion ✅
    * VCF version: VCFv4.3 (detected)
    * RDF conversion ✅
    * Streaming expanded multi-sample RDF (no expanded helper TSVs)
    * Sample calls streamed: 6; FORMAT values: 12
    * Streaming structured header RDF
    * Header lines typed: 10; contigs: 1
    * Streaming QUAL and structured INFO RDF
    * QUAL values streamed: 3; INFO values: 3; declarations: 2
    * Triples produced: 559
    * Compression ✅
    * Output directory: /home/ubuntu/w4/SWAT4HCLS_2027/reproduce/work/converted/final/expanded/basic-v4.3
      - RDF aggregate: basic-v4.3.nt.gz
      - RDF (.gz): 5.50 KB (kept (compression methods set to none))
      - Compression: none selected
      - Final RDF size (no compression): 5.50 KB
Total triples produced (full run): 559
Conversion process finished.
Run time (full mode): 12.88s
Timing log: /home/ubuntu/w4/SWAT4HCLS_2027/reproduce/work/converted/final/expanded/run_metrics/basic-v4.3__20260914T183940/wrapper_execution_times.csv
Metrics summary: /home/ubuntu/w4/SWAT4HCLS_2027/reproduce/work/converted/final/expanded/run_metrics/basic-v4.3__20260914T183940/summary.json
Step 1/5: Validating inputs ✅
  Metrics: /home/ubuntu/w4/SWAT4HCLS_2027/reproduce/work/converted/final/condensed/run_metrics/basic-v4.3__20260914T183954
  Detailed logs: /home/ubuntu/w4/SWAT4HCLS_2027/reproduce/work/converted/final/condensed/run_metrics/basic-v4.3__20260914T183954/logs/wrapper.log
  Progress log: /home/ubuntu/w4/SWAT4HCLS_2027/reproduce/work/converted/final/condensed/run_metrics/basic-v4.3__20260914T183954/logs/progress.log
Step 2/5: Ensuring Docker image is available ✅
Step 3/5: Processing per-input pipeline (TSV -> RDF -> compression)
  Sample representation: condensed
  INFO representation: structured
  Header representation: structured
  - Input 1/1: basic-v4.3.vcf
    * TSV conversion ✅
    * VCF version: VCFv4.3 (detected)
    * RDF conversion ✅
    * Streaming condensed multi-sample RDF (no expanded helper TSVs)
    * Condensed matrices streamed: 3; FORMAT vectors: 6; reusable samples: 2
    * Streaming structured header RDF
    * Header lines typed: 10; contigs: 1
    * Streaming QUAL and structured INFO RDF
    * QUAL values streamed: 3; INFO values: 3; declarations: 2
    * Triples produced: 431
    * Compression ✅
    * Output directory: /home/ubuntu/w4/SWAT4HCLS_2027/reproduce/work/converted/final/condensed/basic-v4.3
      - RDF aggregate: basic-v4.3.nt.gz
      - RDF (.gz): 4.92 KB (kept (compression methods set to none))
      - Compression: none selected
      - Final RDF size (no compression): 4.92 KB
Total triples produced (full run): 431
Conversion process finished.
Run time (full mode): 12.37s
Timing log: /home/ubuntu/w4/SWAT4HCLS_2027/reproduce/work/converted/final/condensed/run_metrics/basic-v4.3__20260914T183954/wrapper_execution_times.csv
Metrics summary: /home/ubuntu/w4/SWAT4HCLS_2027/reproduce/work/converted/final/condensed/run_metrics/basic-v4.3__20260914T183954/summary.json
Step 1/5: Validating inputs ✅
  Metrics: /home/ubuntu/w4/SWAT4HCLS_2027/reproduce/work/converted/final/expanded/run_metrics/basic-v4.4__20260914T184006
  Detailed logs: /home/ubuntu/w4/SWAT4HCLS_2027/reproduce/work/converted/final/expanded/run_metrics/basic-v4.4__20260914T184006/logs/wrapper.log
  Progress log: /home/ubuntu/w4/SWAT4HCLS_2027/reproduce/work/converted/final/expanded/run_metrics/basic-v4.4__20260914T184006/logs/progress.log
Step 2/5: Ensuring Docker image is available ✅
Step 3/5: Processing per-input pipeline (TSV -> RDF -> compression)
  Sample representation: expanded
  INFO representation: structured
  Header representation: structured
  - Input 1/1: basic-v4.4.vcf
    * TSV conversion ✅
    * VCF version: VCFv4.4 (detected)
    * RDF conversion ✅
    * Streaming expanded multi-sample RDF (no expanded helper TSVs)
    * Sample calls streamed: 6; FORMAT values: 12
    * Streaming structured header RDF
    * Header lines typed: 10; contigs: 1
    * Streaming QUAL and structured INFO RDF
    * QUAL values streamed: 3; INFO values: 3; declarations: 2
    * Triples produced: 559
    * Compression ✅
    * Output directory: /home/ubuntu/w4/SWAT4HCLS_2027/reproduce/work/converted/final/expanded/basic-v4.4
      - RDF aggregate: basic-v4.4.nt.gz
      - RDF (.gz): 5.65 KB (kept (compression methods set to none))
      - Compression: none selected
      - Final RDF size (no compression): 5.65 KB
Total triples produced (full run): 559
Conversion process finished.
Run time (full mode): 12.91s
Timing log: /home/ubuntu/w4/SWAT4HCLS_2027/reproduce/work/converted/final/expanded/run_metrics/basic-v4.4__20260914T184006/wrapper_execution_times.csv
Metrics summary: /home/ubuntu/w4/SWAT4HCLS_2027/reproduce/work/converted/final/expanded/run_metrics/basic-v4.4__20260914T184006/summary.json
Step 1/5: Validating inputs ✅
  Metrics: /home/ubuntu/w4/SWAT4HCLS_2027/reproduce/work/converted/final/condensed/run_metrics/basic-v4.4__20260914T184019
  Detailed logs: /home/ubuntu/w4/SWAT4HCLS_2027/reproduce/work/converted/final/condensed/run_metrics/basic-v4.4__20260914T184019/logs/wrapper.log
  Progress log: /home/ubuntu/w4/SWAT4HCLS_2027/reproduce/work/converted/final/condensed/run_metrics/basic-v4.4__20260914T184019/logs/progress.log
Step 2/5: Ensuring Docker image is available ✅
Step 3/5: Processing per-input pipeline (TSV -> RDF -> compression)
  Sample representation: condensed
  INFO representation: structured
  Header representation: structured
  - Input 1/1: basic-v4.4.vcf
    * TSV conversion ✅
    * VCF version: VCFv4.4 (detected)
    * RDF conversion ✅
    * Streaming condensed multi-sample RDF (no expanded helper TSVs)
    * Condensed matrices streamed: 3; FORMAT vectors: 6; reusable samples: 2
    * Streaming structured header RDF
    * Header lines typed: 10; contigs: 1
    * Streaming QUAL and structured INFO RDF
    * QUAL values streamed: 3; INFO values: 3; declarations: 2
    * Triples produced: 431
    * Compression ✅
    * Output directory: /home/ubuntu/w4/SWAT4HCLS_2027/reproduce/work/converted/final/condensed/basic-v4.4
      - RDF aggregate: basic-v4.4.nt.gz
      - RDF (.gz): 4.91 KB (kept (compression methods set to none))
      - Compression: none selected
      - Final RDF size (no compression): 4.91 KB
Total triples produced (full run): 431
Conversion process finished.
Run time (full mode): 12.67s
Timing log: /home/ubuntu/w4/SWAT4HCLS_2027/reproduce/work/converted/final/condensed/run_metrics/basic-v4.4__20260914T184019/wrapper_execution_times.csv
Metrics summary: /home/ubuntu/w4/SWAT4HCLS_2027/reproduce/work/converted/final/condensed/run_metrics/basic-v4.4__20260914T184019/summary.json
Step 1/5: Validating inputs ✅
  Metrics: /home/ubuntu/w4/SWAT4HCLS_2027/reproduce/work/converted/final/expanded/run_metrics/basic-v4.5__20260914T184032
  Detailed logs: /home/ubuntu/w4/SWAT4HCLS_2027/reproduce/work/converted/final/expanded/run_metrics/basic-v4.5__20260914T184032/logs/wrapper.log
  Progress log: /home/ubuntu/w4/SWAT4HCLS_2027/reproduce/work/converted/final/expanded/run_metrics/basic-v4.5__20260914T184032/logs/progress.log
Step 2/5: Ensuring Docker image is available ✅
Step 3/5: Processing per-input pipeline (TSV -> RDF -> compression)
  Sample representation: expanded
  INFO representation: structured
  Header representation: structured
  - Input 1/1: basic-v4.5.vcf
    * TSV conversion ✅
    * VCF version: VCFv4.5 (detected)
    * RDF conversion ✅
    * Streaming expanded multi-sample RDF (no expanded helper TSVs)
    * Sample calls streamed: 6; FORMAT values: 12
    * Streaming structured header RDF
    * Header lines typed: 10; contigs: 1
    * Streaming QUAL and structured INFO RDF
    * QUAL values streamed: 3; INFO values: 3; declarations: 2
    * Triples produced: 559
    * Compression ✅
    * Output directory: /home/ubuntu/w4/SWAT4HCLS_2027/reproduce/work/converted/final/expanded/basic-v4.5
      - RDF aggregate: basic-v4.5.nt.gz
      - RDF (.gz): 5.60 KB (kept (compression methods set to none))
      - Compression: none selected
      - Final RDF size (no compression): 5.60 KB
Total triples produced (full run): 559
Conversion process finished.
Run time (full mode): 13.04s
Timing log: /home/ubuntu/w4/SWAT4HCLS_2027/reproduce/work/converted/final/expanded/run_metrics/basic-v4.5__20260914T184032/wrapper_execution_times.csv
Metrics summary: /home/ubuntu/w4/SWAT4HCLS_2027/reproduce/work/converted/final/expanded/run_metrics/basic-v4.5__20260914T184032/summary.json
Step 1/5: Validating inputs ✅
  Metrics: /home/ubuntu/w4/SWAT4HCLS_2027/reproduce/work/converted/final/condensed/run_metrics/basic-v4.5__20260914T184045
  Detailed logs: /home/ubuntu/w4/SWAT4HCLS_2027/reproduce/work/converted/final/condensed/run_metrics/basic-v4.5__20260914T184045/logs/wrapper.log
  Progress log: /home/ubuntu/w4/SWAT4HCLS_2027/reproduce/work/converted/final/condensed/run_metrics/basic-v4.5__20260914T184045/logs/progress.log
Step 2/5: Ensuring Docker image is available ✅
Step 3/5: Processing per-input pipeline (TSV -> RDF -> compression)
  Sample representation: condensed
  INFO representation: structured
  Header representation: structured
  - Input 1/1: basic-v4.5.vcf
    * TSV conversion ✅
    * VCF version: VCFv4.5 (detected)
    * RDF conversion ✅
    * Streaming condensed multi-sample RDF (no expanded helper TSVs)
    * Condensed matrices streamed: 3; FORMAT vectors: 6; reusable samples: 2
    * Streaming structured header RDF
    * Header lines typed: 10; contigs: 1
    * Streaming QUAL and structured INFO RDF
    * QUAL values streamed: 3; INFO values: 3; declarations: 2
    * Triples produced: 431
    * Compression ✅
    * Output directory: /home/ubuntu/w4/SWAT4HCLS_2027/reproduce/work/converted/final/condensed/basic-v4.5
      - RDF aggregate: basic-v4.5.nt.gz
      - RDF (.gz): 5.12 KB (kept (compression methods set to none))
      - Compression: none selected
      - Final RDF size (no compression): 5.12 KB
Total triples produced (full run): 431
Conversion process finished.
Run time (full mode): 12.85s
Timing log: /home/ubuntu/w4/SWAT4HCLS_2027/reproduce/work/converted/final/condensed/run_metrics/basic-v4.5__20260914T184045/wrapper_execution_times.csv
Metrics summary: /home/ubuntu/w4/SWAT4HCLS_2027/reproduce/work/converted/final/condensed/run_metrics/basic-v4.5__20260914T184045/summary.json
Step 1/5: Validating inputs ✅
  Metrics: /home/ubuntu/w4/SWAT4HCLS_2027/reproduce/work/converted/final/expanded/run_metrics/header-audit-v4.5__20260914T184058
  Detailed logs: /home/ubuntu/w4/SWAT4HCLS_2027/reproduce/work/converted/final/expanded/run_metrics/header-audit-v4.5__20260914T184058/logs/wrapper.log
  Progress log: /home/ubuntu/w4/SWAT4HCLS_2027/reproduce/work/converted/final/expanded/run_metrics/header-audit-v4.5__20260914T184058/logs/progress.log
Step 2/5: Ensuring Docker image is available ✅
Step 3/5: Processing per-input pipeline (TSV -> RDF -> compression)
  Sample representation: expanded
  INFO representation: structured
  Header representation: structured
  - Input 1/1: header-audit-v4.5.vcf
    * TSV conversion ✅
    * VCF version: VCFv4.5 (detected)
    * RDF conversion ✅
    * Streaming expanded multi-sample RDF (no expanded helper TSVs)
    * Sample calls streamed: 0; FORMAT values: 0
    * Streaming structured header RDF
    * Header lines typed: 18; contigs: 2
    * Streaming QUAL and structured INFO RDF
    * QUAL values streamed: 1; INFO values: 7; declarations: 7
    * Triples produced: 606
    * Compression ✅
    * Output directory: /home/ubuntu/w4/SWAT4HCLS_2027/reproduce/work/converted/final/expanded/header-audit-v4.5
      - RDF aggregate: header-audit-v4.5.nt.gz
      - RDF (.gz): 5.64 KB (kept (compression methods set to none))
      - Compression: none selected
      - Final RDF size (no compression): 5.64 KB
Total triples produced (full run): 606
Conversion process finished.
Run time (full mode): 12.71s
Timing log: /home/ubuntu/w4/SWAT4HCLS_2027/reproduce/work/converted/final/expanded/run_metrics/header-audit-v4.5__20260914T184058/wrapper_execution_times.csv
Metrics summary: /home/ubuntu/w4/SWAT4HCLS_2027/reproduce/work/converted/final/expanded/run_metrics/header-audit-v4.5__20260914T184058/summary.json
Step 1/5: Validating inputs ✅
  Metrics: /home/ubuntu/w4/SWAT4HCLS_2027/reproduce/work/converted/final/condensed/run_metrics/header-audit-v4.5__20260914T184111
  Detailed logs: /home/ubuntu/w4/SWAT4HCLS_2027/reproduce/work/converted/final/condensed/run_metrics/header-audit-v4.5__20260914T184111/logs/wrapper.log
  Progress log: /home/ubuntu/w4/SWAT4HCLS_2027/reproduce/work/converted/final/condensed/run_metrics/header-audit-v4.5__20260914T184111/logs/progress.log
Step 2/5: Ensuring Docker image is available ✅
Step 3/5: Processing per-input pipeline (TSV -> RDF -> compression)
  Sample representation: condensed
  INFO representation: structured
  Header representation: structured
  - Input 1/1: header-audit-v4.5.vcf
    * TSV conversion ✅
    * VCF version: VCFv4.5 (detected)
    * RDF conversion ✅
    * Streaming condensed multi-sample RDF (no expanded helper TSVs)
    * Condensed matrices streamed: 0; FORMAT vectors: 0; reusable samples: 0
    * Streaming structured header RDF
    * Header lines typed: 18; contigs: 2
    * Streaming QUAL and structured INFO RDF
    * QUAL values streamed: 1; INFO values: 7; declarations: 7
    * Triples produced: 606
    * Compression ✅
    * Output directory: /home/ubuntu/w4/SWAT4HCLS_2027/reproduce/work/converted/final/condensed/header-audit-v4.5
      - RDF aggregate: header-audit-v4.5.nt.gz
      - RDF (.gz): 5.98 KB (kept (compression methods set to none))
      - Compression: none selected
      - Final RDF size (no compression): 5.98 KB
Total triples produced (full run): 606
Conversion process finished.
Run time (full mode): 12.51s
Timing log: /home/ubuntu/w4/SWAT4HCLS_2027/reproduce/work/converted/final/condensed/run_metrics/header-audit-v4.5__20260914T184111/wrapper_execution_times.csv
Metrics summary: /home/ubuntu/w4/SWAT4HCLS_2027/reproduce/work/converted/final/condensed/run_metrics/header-audit-v4.5__20260914T184111/summary.json
Step 1/5: Validating inputs ✅
  Metrics: /home/ubuntu/w4/SWAT4HCLS_2027/reproduce/work/converted/final/expanded/run_metrics/features-v4.5__20260914T184124
  Detailed logs: /home/ubuntu/w4/SWAT4HCLS_2027/reproduce/work/converted/final/expanded/run_metrics/features-v4.5__20260914T184124/logs/wrapper.log
  Progress log: /home/ubuntu/w4/SWAT4HCLS_2027/reproduce/work/converted/final/expanded/run_metrics/features-v4.5__20260914T184124/logs/progress.log
Step 2/5: Ensuring Docker image is available ✅
Step 3/5: Processing per-input pipeline (TSV -> RDF -> compression)
  Sample representation: expanded
  INFO representation: structured
  Header representation: structured
  - Input 1/1: features-v4.5.vcf
    * TSV conversion ✅
    * VCF version: VCFv4.5 (detected)
    * RDF conversion ✅
    * Streaming expanded multi-sample RDF (no expanded helper TSVs)
    * Sample calls streamed: 3; FORMAT values: 14
    * Streaming structured header RDF
    * Header lines typed: 29; contigs: 2
    * Streaming QUAL and structured INFO RDF
    * QUAL values streamed: 3; INFO values: 5; declarations: 4
    * Triples produced: 1,273
    * Compression ✅
    * Output directory: /home/ubuntu/w4/SWAT4HCLS_2027/reproduce/work/converted/final/expanded/features-v4.5
      - RDF aggregate: features-v4.5.nt.gz
      - RDF (.gz): 10.10 KB (kept (compression methods set to none))
      - Compression: none selected
      - Final RDF size (no compression): 10.10 KB
Total triples produced (full run): 1,273
Conversion process finished.
Run time (full mode): 12.56s
Timing log: /home/ubuntu/w4/SWAT4HCLS_2027/reproduce/work/converted/final/expanded/run_metrics/features-v4.5__20260914T184124/wrapper_execution_times.csv
Metrics summary: /home/ubuntu/w4/SWAT4HCLS_2027/reproduce/work/converted/final/expanded/run_metrics/features-v4.5__20260914T184124/summary.json
Step 1/5: Validating inputs ✅
  Metrics: /home/ubuntu/w4/SWAT4HCLS_2027/reproduce/work/converted/final/condensed/run_metrics/features-v4.5__20260914T184137
  Detailed logs: /home/ubuntu/w4/SWAT4HCLS_2027/reproduce/work/converted/final/condensed/run_metrics/features-v4.5__20260914T184137/logs/wrapper.log
  Progress log: /home/ubuntu/w4/SWAT4HCLS_2027/reproduce/work/converted/final/condensed/run_metrics/features-v4.5__20260914T184137/logs/progress.log
Step 2/5: Ensuring Docker image is available ✅
Step 3/5: Processing per-input pipeline (TSV -> RDF -> compression)
  Sample representation: condensed
  INFO representation: structured
  Header representation: structured
  - Input 1/1: features-v4.5.vcf
    * TSV conversion ✅
    * VCF version: VCFv4.5 (detected)
    * RDF conversion ✅
    * Streaming condensed multi-sample RDF (no expanded helper TSVs)
    * Condensed matrices streamed: 3; FORMAT vectors: 14; reusable samples: 1
    * Streaming structured header RDF
    * Header lines typed: 29; contigs: 2
    * Streaming QUAL and structured INFO RDF
    * QUAL values streamed: 3; INFO values: 5; declarations: 4
    * Triples produced: 1,076
    * Compression ✅
    * Output directory: /home/ubuntu/w4/SWAT4HCLS_2027/reproduce/work/converted/final/condensed/features-v4.5
      - RDF aggregate: features-v4.5.nt.gz
      - RDF (.gz): 9.17 KB (kept (compression methods set to none))
      - Compression: none selected
      - Final RDF size (no compression): 9.17 KB
Total triples produced (full run): 1,076
Conversion process finished.
Run time (full mode): 12.66s
Timing log: /home/ubuntu/w4/SWAT4HCLS_2027/reproduce/work/converted/final/condensed/run_metrics/features-v4.5__20260914T184137/wrapper_execution_times.csv
Metrics summary: /home/ubuntu/w4/SWAT4HCLS_2027/reproduce/work/converted/final/condensed/run_metrics/features-v4.5__20260914T184137/summary.json
Step 1/5: Validating inputs ✅
  Metrics: /home/ubuntu/w4/SWAT4HCLS_2027/reproduce/work/converted/final/expanded/run_metrics/local-alleles-v4.5__20260914T184149
  Detailed logs: /home/ubuntu/w4/SWAT4HCLS_2027/reproduce/work/converted/final/expanded/run_metrics/local-alleles-v4.5__20260914T184149/logs/wrapper.log
  Progress log: /home/ubuntu/w4/SWAT4HCLS_2027/reproduce/work/converted/final/expanded/run_metrics/local-alleles-v4.5__20260914T184149/logs/progress.log
Step 2/5: Ensuring Docker image is available ✅
Step 3/5: Processing per-input pipeline (TSV -> RDF -> compression)
  Sample representation: expanded
  INFO representation: structured
  Header representation: structured
  - Input 1/1: local-alleles-v4.5.vcf
    * TSV conversion ✅
    * VCF version: VCFv4.5 (detected)
    * RDF conversion ✅
    * Streaming expanded multi-sample RDF (no expanded helper TSVs)
    * Sample calls streamed: 8; FORMAT values: 28
    * Streaming structured header RDF
    * Header lines typed: 11; contigs: 1
    * Streaming QUAL and structured INFO RDF
    * QUAL values streamed: 8; INFO values: 0; declarations: 0
    * Triples produced: 1,446
    * Compression ✅
    * Output directory: /home/ubuntu/w4/SWAT4HCLS_2027/reproduce/work/converted/final/expanded/local-alleles-v4.5
      - RDF aggregate: local-alleles-v4.5.nt.gz
      - RDF (.gz): 9.99 KB (kept (compression methods set to none))
      - Compression: none selected
      - Final RDF size (no compression): 9.99 KB
Total triples produced (full run): 1,446
Conversion process finished.
Run time (full mode): 13.05s
Timing log: /home/ubuntu/w4/SWAT4HCLS_2027/reproduce/work/converted/final/expanded/run_metrics/local-alleles-v4.5__20260914T184149/wrapper_execution_times.csv
Metrics summary: /home/ubuntu/w4/SWAT4HCLS_2027/reproduce/work/converted/final/expanded/run_metrics/local-alleles-v4.5__20260914T184149/summary.json
Step 1/5: Validating inputs ✅
  Metrics: /home/ubuntu/w4/SWAT4HCLS_2027/reproduce/work/converted/final/condensed/run_metrics/local-alleles-v4.5__20260914T184203
  Detailed logs: /home/ubuntu/w4/SWAT4HCLS_2027/reproduce/work/converted/final/condensed/run_metrics/local-alleles-v4.5__20260914T184203/logs/wrapper.log
  Progress log: /home/ubuntu/w4/SWAT4HCLS_2027/reproduce/work/converted/final/condensed/run_metrics/local-alleles-v4.5__20260914T184203/logs/progress.log
Step 2/5: Ensuring Docker image is available ✅
Step 3/5: Processing per-input pipeline (TSV -> RDF -> compression)
  Sample representation: condensed
  INFO representation: structured
  Header representation: structured
  - Input 1/1: local-alleles-v4.5.vcf
    * TSV conversion ✅
    * VCF version: VCFv4.5 (detected)
    * RDF conversion ✅
    * Streaming condensed multi-sample RDF (no expanded helper TSVs)
    * Condensed matrices streamed: 8; FORMAT vectors: 28; reusable samples: 1
    * Streaming structured header RDF
    * Header lines typed: 11; contigs: 1
    * Streaming QUAL and structured INFO RDF
    * QUAL values streamed: 8; INFO values: 0; declarations: 0
    * Triples produced: 856
    * Compression ✅
    * Output directory: /home/ubuntu/w4/SWAT4HCLS_2027/reproduce/work/converted/final/condensed/local-alleles-v4.5
      - RDF aggregate: local-alleles-v4.5.nt.gz
      - RDF (.gz): 7.38 KB (kept (compression methods set to none))
      - Compression: none selected
      - Final RDF size (no compression): 7.38 KB
Total triples produced (full run): 856
Conversion process finished.
Run time (full mode): 13.00s
Timing log: /home/ubuntu/w4/SWAT4HCLS_2027/reproduce/work/converted/final/condensed/run_metrics/local-alleles-v4.5__20260914T184203/wrapper_execution_times.csv
Metrics summary: /home/ubuntu/w4/SWAT4HCLS_2027/reproduce/work/converted/final/condensed/run_metrics/local-alleles-v4.5__20260914T184203/summary.json
Step 1/5: Validating inputs ✅
  Metrics: /home/ubuntu/w4/SWAT4HCLS_2027/reproduce/work/converted/final/expanded/run_metrics/tandem-repeats-v4.4__20260914T184216
  Detailed logs: /home/ubuntu/w4/SWAT4HCLS_2027/reproduce/work/converted/final/expanded/run_metrics/tandem-repeats-v4.4__20260914T184216/logs/wrapper.log
  Progress log: /home/ubuntu/w4/SWAT4HCLS_2027/reproduce/work/converted/final/expanded/run_metrics/tandem-repeats-v4.4__20260914T184216/logs/progress.log
Step 2/5: Ensuring Docker image is available ✅
Step 3/5: Processing per-input pipeline (TSV -> RDF -> compression)
  Sample representation: expanded
  INFO representation: structured
  Header representation: structured
  - Input 1/1: tandem-repeats-v4.4.vcf
    * TSV conversion ✅
    * VCF version: VCFv4.4 (detected)
    * RDF conversion ✅
    * Streaming expanded multi-sample RDF (no expanded helper TSVs)
    * Sample calls streamed: 4; FORMAT values: 9
    * Streaming structured header RDF
    * Header lines typed: 16; contigs: 1
    * Streaming QUAL and structured INFO RDF
    * QUAL values streamed: 4; INFO values: 11; declarations: 8
    * Triples produced: 883
    * Compression ✅
    * Output directory: /home/ubuntu/w4/SWAT4HCLS_2027/reproduce/work/converted/final/expanded/tandem-repeats-v4.4
      - RDF aggregate: tandem-repeats-v4.4.nt.gz
      - RDF (.gz): 7.45 KB (kept (compression methods set to none))
      - Compression: none selected
      - Final RDF size (no compression): 7.45 KB
Total triples produced (full run): 883
Conversion process finished.
Run time (full mode): 13.28s
Timing log: /home/ubuntu/w4/SWAT4HCLS_2027/reproduce/work/converted/final/expanded/run_metrics/tandem-repeats-v4.4__20260914T184216/wrapper_execution_times.csv
Metrics summary: /home/ubuntu/w4/SWAT4HCLS_2027/reproduce/work/converted/final/expanded/run_metrics/tandem-repeats-v4.4__20260914T184216/summary.json
Step 1/5: Validating inputs ✅
  Metrics: /home/ubuntu/w4/SWAT4HCLS_2027/reproduce/work/converted/final/condensed/run_metrics/tandem-repeats-v4.4__20260914T184229
  Detailed logs: /home/ubuntu/w4/SWAT4HCLS_2027/reproduce/work/converted/final/condensed/run_metrics/tandem-repeats-v4.4__20260914T184229/logs/wrapper.log
  Progress log: /home/ubuntu/w4/SWAT4HCLS_2027/reproduce/work/converted/final/condensed/run_metrics/tandem-repeats-v4.4__20260914T184229/logs/progress.log
Step 2/5: Ensuring Docker image is available ✅
Step 3/5: Processing per-input pipeline (TSV -> RDF -> compression)
  Sample representation: condensed
  INFO representation: structured
  Header representation: structured
  - Input 1/1: tandem-repeats-v4.4.vcf
    * TSV conversion ✅
    * VCF version: VCFv4.4 (detected)
    * RDF conversion ✅
    * Streaming condensed multi-sample RDF (no expanded helper TSVs)
    * Condensed matrices streamed: 4; FORMAT vectors: 9; reusable samples: 1
    * Streaming structured header RDF
    * Header lines typed: 16; contigs: 1
    * Streaming QUAL and structured INFO RDF
    * QUAL values streamed: 4; INFO values: 11; declarations: 8
    * Triples produced: 802
    * Compression ✅
    * Output directory: /home/ubuntu/w4/SWAT4HCLS_2027/reproduce/work/converted/final/condensed/tandem-repeats-v4.4
      - RDF aggregate: tandem-repeats-v4.4.nt.gz
      - RDF (.gz): 6.33 KB (kept (compression methods set to none))
      - Compression: none selected
      - Final RDF size (no compression): 6.33 KB
Total triples produced (full run): 802
Conversion process finished.
Run time (full mode): 12.95s
Timing log: /home/ubuntu/w4/SWAT4HCLS_2027/reproduce/work/converted/final/condensed/run_metrics/tandem-repeats-v4.4__20260914T184229/wrapper_execution_times.csv
Metrics summary: /home/ubuntu/w4/SWAT4HCLS_2027/reproduce/work/converted/final/condensed/run_metrics/tandem-repeats-v4.4__20260914T184229/summary.json
Step 1/5: Validating inputs ✅
  Metrics: /home/ubuntu/w4/SWAT4HCLS_2027/reproduce/work/converted/final/expanded/run_metrics/tandem-repeats-v4.5__20260914T184243
  Detailed logs: /home/ubuntu/w4/SWAT4HCLS_2027/reproduce/work/converted/final/expanded/run_metrics/tandem-repeats-v4.5__20260914T184243/logs/wrapper.log
  Progress log: /home/ubuntu/w4/SWAT4HCLS_2027/reproduce/work/converted/final/expanded/run_metrics/tandem-repeats-v4.5__20260914T184243/logs/progress.log
Step 2/5: Ensuring Docker image is available ✅
Step 3/5: Processing per-input pipeline (TSV -> RDF -> compression)
  Sample representation: expanded
  INFO representation: structured
  Header representation: structured
  - Input 1/1: tandem-repeats-v4.5.vcf
    * TSV conversion ✅
    * VCF version: VCFv4.5 (detected)
    * RDF conversion ✅
    * Streaming expanded multi-sample RDF (no expanded helper TSVs)
    * Sample calls streamed: 4; FORMAT values: 9
    * Streaming structured header RDF
    * Header lines typed: 15; contigs: 1
    * Streaming QUAL and structured INFO RDF
    * QUAL values streamed: 4; INFO values: 10; declarations: 7
    * Triples produced: 845
    * Compression ✅
    * Output directory: /home/ubuntu/w4/SWAT4HCLS_2027/reproduce/work/converted/final/expanded/tandem-repeats-v4.5
      - RDF aggregate: tandem-repeats-v4.5.nt.gz
      - RDF (.gz): 7.85 KB (kept (compression methods set to none))
      - Compression: none selected
      - Final RDF size (no compression): 7.85 KB
Total triples produced (full run): 845
Conversion process finished.
Run time (full mode): 12.83s
Timing log: /home/ubuntu/w4/SWAT4HCLS_2027/reproduce/work/converted/final/expanded/run_metrics/tandem-repeats-v4.5__20260914T184243/wrapper_execution_times.csv
Metrics summary: /home/ubuntu/w4/SWAT4HCLS_2027/reproduce/work/converted/final/expanded/run_metrics/tandem-repeats-v4.5__20260914T184243/summary.json
Step 1/5: Validating inputs ✅
  Metrics: /home/ubuntu/w4/SWAT4HCLS_2027/reproduce/work/converted/final/condensed/run_metrics/tandem-repeats-v4.5__20260914T184256
  Detailed logs: /home/ubuntu/w4/SWAT4HCLS_2027/reproduce/work/converted/final/condensed/run_metrics/tandem-repeats-v4.5__20260914T184256/logs/wrapper.log
  Progress log: /home/ubuntu/w4/SWAT4HCLS_2027/reproduce/work/converted/final/condensed/run_metrics/tandem-repeats-v4.5__20260914T184256/logs/progress.log
Step 2/5: Ensuring Docker image is available ✅
Step 3/5: Processing per-input pipeline (TSV -> RDF -> compression)
  Sample representation: condensed
  INFO representation: structured
  Header representation: structured
  - Input 1/1: tandem-repeats-v4.5.vcf
    * TSV conversion ✅
    * VCF version: VCFv4.5 (detected)
    * RDF conversion ✅
    * Streaming condensed multi-sample RDF (no expanded helper TSVs)
    * Condensed matrices streamed: 4; FORMAT vectors: 9; reusable samples: 1
    * Streaming structured header RDF
    * Header lines typed: 15; contigs: 1
    * Streaming QUAL and structured INFO RDF
    * QUAL values streamed: 4; INFO values: 10; declarations: 7
    * Triples produced: 764
    * Compression ✅
    * Output directory: /home/ubuntu/w4/SWAT4HCLS_2027/reproduce/work/converted/final/condensed/tandem-repeats-v4.5
      - RDF aggregate: tandem-repeats-v4.5.nt.gz
      - RDF (.gz): 7.01 KB (kept (compression methods set to none))
      - Compression: none selected
      - Final RDF size (no compression): 7.01 KB
Total triples produced (full run): 764
Conversion process finished.
Run time (full mode): 12.94s
Timing log: /home/ubuntu/w4/SWAT4HCLS_2027/reproduce/work/converted/final/condensed/run_metrics/tandem-repeats-v4.5__20260914T184256/wrapper_execution_times.csv
Metrics summary: /home/ubuntu/w4/SWAT4HCLS_2027/reproduce/work/converted/final/condensed/run_metrics/tandem-repeats-v4.5__20260914T184256/summary.json
