{
 "agree": 394,
 "bothPass": 366,
 "byOutcome": {
  "fail/fail": 28,
  "pass/fail": 178,
  "pass/pass": 366
 },
 "checks": 572,
 "converterPassRepoNot": [],
 "fixtures": [
  "basic-v4.1",
  "basic-v4.2",
  "basic-v4.3",
  "basic-v4.4",
  "basic-v4.5",
  "features-v4.5",
  "header-audit-v4.5",
  "local-alleles-v4.5",
  "tandem-repeats-v4.4",
  "tandem-repeats-v4.5"
 ],
 "repoPassConverterNot": [
  "R09",
  "R11",
  "R12",
  "R13",
  "R14",
  "R17",
  "R20",
  "R21",
  "R27",
  "R28",
  "R29",
  "R51",
  "R61",
  "R83",
  "R89"
 ]
}
